 +-----------------------------------------------------------------+
 +                         Program ANPHON                          +
 +                             Ver.  1.5.0                         +
 +-----------------------------------------------------------------+

 Job started at Sun Aug  4 23:32:30 2024

 The number of MPI processes: 1
 The number of OpenMP threads: 12


 Input variables:
 -----------------------------------------------------------------
 General:
  PREFIX = Si
  MODE = PHONONS
  FCSXML = super222_cubic.xml

  NKD = 1; KD =   Si
  MASS = 
  NSYM = 0; TOLERANCE = 0.001; PRINTSYM = 0

  NONANALYTIC = 0

  TMIN = 0; TMAX = 1000; DT = 10
  EMIN = 0; EMAX = 1000; DELTA_E = 10

  ISMEAR = -1; EPSILON = 10

  CLASSICAL = 0
  BCONNECT = 0


 Kpoint:
  KPMODE (1st entry for &kpoint) = 1


 Analysis:
  PRINTVEL = 0
  PRINTVEC = 0
  PRINTXSF = 0

  GRUNEISEN = 0
  NEWFCS = 0


 -----------------------------------------------------------------

                      MODE = phonons                         
                                                             
      Phonon calculation within harmonic approximation       
      Harmonic force constants will be used.                 

 -----------------------------------------------------------------

 Crystal structure
 =================

 Lattice Vectors:

 * Supercell (from super222_cubic.xml )

    2.042038e+01   0.000000e+00   0.000000e+00 : a1
    0.000000e+00   2.042038e+01   0.000000e+00 : a2
    0.000000e+00   0.000000e+00   2.042038e+01 : a3

    3.076919e-01   0.000000e+00   0.000000e+00 : b1
    0.000000e+00   3.076919e-01   0.000000e+00 : b2
    0.000000e+00   0.000000e+00   3.076919e-01 : b3

 * Primitive cell 

    0.000000e+00   5.105095e+00   5.105095e+00 : a1
    5.105095e+00   0.000000e+00   5.105095e+00 : a2
    5.105095e+00   5.105095e+00   0.000000e+00 : a3

   -6.153838e-01   6.153838e-01   6.153838e-01 : b1
    6.153838e-01  -6.153838e-01   6.153838e-01 : b2
    6.153838e-01   6.153838e-01  -6.153838e-01 : b3


  Volume of the primitive cell : 2.660979e+02 (a.u.)^3

  Number of atoms in the supercell     : 64
  Number of atoms in the primitive cell: 2

  Atomic positions in the primitive cell (fractional):
   1:  -1.000000e+00   1.000000e+00   1.000000e+00  Si
   2:  -7.500000e-01   1.250000e+00   1.250000e+00  Si

  Mass of atomic species (u):
  Si:   28.085500


 Symmetry
 ========

  NSYM = 0 is given: Trying to find symmetry operations.

  Number of symmetry operations : 48
 k points
 ========

  KPMODE = 1: Band structure calculation
  Number of paths : 3

  List of k paths : 
   1:  G (  0.0000  0.0000  0.0000)  X (  0.5000  0.0000  0.5000)  51
   2:  X (  0.5000  0.0000  0.5000)  G (  0.0000  0.0000  0.0000)  51
   3:  G (  0.0000  0.0000  0.0000)  L (  0.5000  0.5000  0.5000)  51

  Number of k points : 153

 Force constant
 ==============

  Reading force constants from the XML file ... done !
  Number of non-zero IFCs for 2 order: 1710

  Maximum deviation from the translational invariance: 
   Order 2 :   2.6192e-16


 Dynamical matrix
 ================

  NONANALYTIC = 0 : No non-analytic correction. 


 -----------------------------------------------------------------


 ISMEAR = -1: Tetrahedron method will be used.

 Now, move on to phonon calculations.

 Diagonalizing dynamical matrices for all k points ... done!

 -----------------------------------------------------------------

 Phonon frequencies below:

 # k point     1 : (  0.0000,  0.0000,  0.0000)
   Mode, Frequency 
      1      0.0000 cm^-1  (      0.0000 THz )
      2      0.0000 cm^-1  (      0.0000 THz )
      3      0.0000 cm^-1  (      0.0000 THz )
      4    512.5694 cm^-1  (     15.3664 THz )
      5    512.5694 cm^-1  (     15.3664 THz )
      6    512.5694 cm^-1  (     15.3664 THz )

 # k point     2 : (  0.0100,  0.0000,  0.0100)
   Mode, Frequency 
      1      5.9941 cm^-1  (      0.1797 THz )
      2      5.9941 cm^-1  (      0.1797 THz )
      3     10.2074 cm^-1  (      0.3060 THz )
      4    512.4755 cm^-1  (     15.3636 THz )
      5    512.4755 cm^-1  (     15.3636 THz )
      6    512.5392 cm^-1  (     15.3655 THz )

 # k point     3 : (  0.0200,  0.0000,  0.0200)
   Mode, Frequency 
      1     11.9791 cm^-1  (      0.3591 THz )
      2     11.9791 cm^-1  (      0.3591 THz )
      3     20.4086 cm^-1  (      0.6118 THz )
      4    512.1945 cm^-1  (     15.3552 THz )
      5    512.1945 cm^-1  (     15.3552 THz )
      6    512.4486 cm^-1  (     15.3628 THz )

 # k point     4 : (  0.0300,  0.0000,  0.0300)
   Mode, Frequency 
      1     17.9458 cm^-1  (      0.5380 THz )
      2     17.9458 cm^-1  (      0.5380 THz )
      3     30.5972 cm^-1  (      0.9173 THz )
      4    511.7283 cm^-1  (     15.3412 THz )
      5    511.7283 cm^-1  (     15.3412 THz )
      6    512.2973 cm^-1  (     15.3583 THz )

 # k point     5 : (  0.0400,  0.0000,  0.0400)
   Mode, Frequency 
      1     23.8851 cm^-1  (      0.7161 THz )
      2     23.8851 cm^-1  (      0.7161 THz )
      3     40.7671 cm^-1  (      1.2222 THz )
      4    511.0805 cm^-1  (     15.3218 THz )
      5    511.0805 cm^-1  (     15.3218 THz )
      6    512.0848 cm^-1  (     15.3519 THz )

 # k point     6 : (  0.0500,  0.0000,  0.0500)
   Mode, Frequency 
      1     29.7875 cm^-1  (      0.8930 THz )
      2     29.7875 cm^-1  (      0.8930 THz )
      3     50.9120 cm^-1  (      1.5263 THz )
      4    510.2555 cm^-1  (     15.2971 THz )
      5    510.2555 cm^-1  (     15.2971 THz )
      6    511.8107 cm^-1  (     15.3437 THz )

 # k point     7 : (  0.0600,  0.0000,  0.0600)
   Mode, Frequency 
      1     35.6433 cm^-1  (      1.0686 THz )
      2     35.6433 cm^-1  (      1.0686 THz )
      3     61.0259 cm^-1  (      1.8295 THz )
      4    509.2596 cm^-1  (     15.2672 THz )
      5    509.2596 cm^-1  (     15.2672 THz )
      6    511.4741 cm^-1  (     15.3336 THz )

 # k point     8 : (  0.0700,  0.0000,  0.0700)
   Mode, Frequency 
      1     41.4427 cm^-1  (      1.2424 THz )
      2     41.4427 cm^-1  (      1.2424 THz )
      3     71.1027 cm^-1  (      2.1316 THz )
      4    508.0999 cm^-1  (     15.2325 THz )
      5    508.0999 cm^-1  (     15.2325 THz )
      6    511.0743 cm^-1  (     15.3216 THz )

 # k point     9 : (  0.0800,  0.0000,  0.0800)
   Mode, Frequency 
      1     47.1755 cm^-1  (      1.4143 THz )
      2     47.1755 cm^-1  (      1.4143 THz )
      3     81.1363 cm^-1  (      2.4324 THz )
      4    506.7850 cm^-1  (     15.1930 THz )
      5    506.7850 cm^-1  (     15.1930 THz )
      6    510.6101 cm^-1  (     15.3077 THz )

 # k point    10 : (  0.0900,  0.0000,  0.0900)
   Mode, Frequency 
      1     52.8311 cm^-1  (      1.5838 THz )
      2     52.8311 cm^-1  (      1.5838 THz )
      3     91.1210 cm^-1  (      2.7317 THz )
      4    505.3247 cm^-1  (     15.1493 THz )
      5    505.3247 cm^-1  (     15.1493 THz )
      6    510.0804 cm^-1  (     15.2918 THz )

 # k point    11 : (  0.1000,  0.0000,  0.1000)
   Mode, Frequency 
      1     58.3987 cm^-1  (      1.7507 THz )
      2     58.3987 cm^-1  (      1.7507 THz )
      3    101.0509 cm^-1  (      3.0294 THz )
      4    503.7298 cm^-1  (     15.1014 THz )
      5    503.7298 cm^-1  (     15.1014 THz )
      6    509.4839 cm^-1  (     15.2739 THz )

 # k point    12 : (  0.1100,  0.0000,  0.1100)
   Mode, Frequency 
      1     63.8671 cm^-1  (      1.9147 THz )
      2     63.8671 cm^-1  (      1.9147 THz )
      3    110.9205 cm^-1  (      3.3253 THz )
      4    502.0125 cm^-1  (     15.0500 THz )
      5    502.0125 cm^-1  (     15.0500 THz )
      6    508.8192 cm^-1  (     15.2540 THz )

 # k point    13 : (  0.1200,  0.0000,  0.1200)
   Mode, Frequency 
      1     69.2248 cm^-1  (      2.0753 THz )
      2     69.2248 cm^-1  (      2.0753 THz )
      3    120.7242 cm^-1  (      3.6192 THz )
      4    500.1857 cm^-1  (     14.9952 THz )
      5    500.1857 cm^-1  (     14.9952 THz )
      6    508.0847 cm^-1  (     15.2320 THz )

 # k point    14 : (  0.1300,  0.0000,  0.1300)
   Mode, Frequency 
      1     74.4599 cm^-1  (      2.2323 THz )
      2     74.4599 cm^-1  (      2.2323 THz )
      3    130.4566 cm^-1  (      3.9110 THz )
      4    498.2635 cm^-1  (     14.9376 THz )
      5    498.2635 cm^-1  (     14.9376 THz )
      6    507.2787 cm^-1  (     15.2078 THz )

 # k point    15 : (  0.1400,  0.0000,  0.1400)
   Mode, Frequency 
      1     79.5604 cm^-1  (      2.3852 THz )
      2     79.5604 cm^-1  (      2.3852 THz )
      3    140.1125 cm^-1  (      4.2005 THz )
      4    496.2607 cm^-1  (     14.8775 THz )
      5    496.2607 cm^-1  (     14.8775 THz )
      6    506.3994 cm^-1  (     15.1815 THz )

 # k point    16 : (  0.1500,  0.0000,  0.1500)
   Mode, Frequency 
      1     84.5138 cm^-1  (      2.5337 THz )
      2     84.5138 cm^-1  (      2.5337 THz )
      3    149.6869 cm^-1  (      4.4875 THz )
      4    494.1929 cm^-1  (     14.8155 THz )
      5    494.1929 cm^-1  (     14.8155 THz )
      6    505.4451 cm^-1  (     15.1529 THz )

 # k point    17 : (  0.1600,  0.0000,  0.1600)
   Mode, Frequency 
      1     89.3079 cm^-1  (      2.6774 THz )
      2     89.3079 cm^-1  (      2.6774 THz )
      3    159.1749 cm^-1  (      4.7719 THz )
      4    492.0763 cm^-1  (     14.7521 THz )
      5    492.0763 cm^-1  (     14.7521 THz )
      6    504.4137 cm^-1  (     15.1219 THz )

 # k point    18 : (  0.1700,  0.0000,  0.1700)
   Mode, Frequency 
      1     93.9301 cm^-1  (      2.8160 THz )
      2     93.9301 cm^-1  (      2.8160 THz )
      3    168.5719 cm^-1  (      5.0537 THz )
      4    489.9276 cm^-1  (     14.6877 THz )
      5    489.9276 cm^-1  (     14.6877 THz )
      6    503.3033 cm^-1  (     15.0887 THz )

 # k point    19 : (  0.1800,  0.0000,  0.1800)
   Mode, Frequency 
      1     98.3682 cm^-1  (      2.9490 THz )
      2     98.3682 cm^-1  (      2.9490 THz )
      3    177.8731 cm^-1  (      5.3325 THz )
      4    487.7637 cm^-1  (     14.6228 THz )
      5    487.7637 cm^-1  (     14.6228 THz )
      6    502.1117 cm^-1  (     15.0529 THz )

 # k point    20 : (  0.1900,  0.0000,  0.1900)
   Mode, Frequency 
      1    102.6101 cm^-1  (      3.0762 THz )
      2    102.6101 cm^-1  (      3.0762 THz )
      3    187.0745 cm^-1  (      5.6084 THz )
      4    485.6018 cm^-1  (     14.5580 THz )
      5    485.6018 cm^-1  (     14.5580 THz )
      6    500.8369 cm^-1  (     15.0147 THz )

 # k point    21 : (  0.2000,  0.0000,  0.2000)
   Mode, Frequency 
      1    106.6443 cm^-1  (      3.1971 THz )
      2    106.6443 cm^-1  (      3.1971 THz )
      3    196.1717 cm^-1  (      5.8811 THz )
      4    483.4587 cm^-1  (     14.4937 THz )
      5    483.4587 cm^-1  (     14.4937 THz )
      6    499.4766 cm^-1  (     14.9739 THz )

 # k point    22 : (  0.2100,  0.0000,  0.2100)
   Mode, Frequency 
      1    110.4598 cm^-1  (      3.3115 THz )
      2    110.4598 cm^-1  (      3.3115 THz )
      3    205.1610 cm^-1  (      6.1506 THz )
      4    481.3511 cm^-1  (     14.4305 THz )
      5    481.3511 cm^-1  (     14.4305 THz )
      6    498.0286 cm^-1  (     14.9305 THz )

 # k point    23 : (  0.2200,  0.0000,  0.2200)
   Mode, Frequency 
      1    114.0466 cm^-1  (      3.4190 THz )
      2    114.0466 cm^-1  (      3.4190 THz )
      3    214.0385 cm^-1  (      6.4167 THz )
      4    479.2952 cm^-1  (     14.3689 THz )
      5    479.2952 cm^-1  (     14.3689 THz )
      6    496.4907 cm^-1  (     14.8844 THz )

 # k point    24 : (  0.2300,  0.0000,  0.2300)
   Mode, Frequency 
      1    117.3957 cm^-1  (      3.5194 THz )
      2    117.3957 cm^-1  (      3.5194 THz )
      3    222.8008 cm^-1  (      6.6794 THz )
      4    477.3062 cm^-1  (     14.3093 THz )
      5    477.3062 cm^-1  (     14.3093 THz )
      6    494.8606 cm^-1  (     14.8355 THz )

 # k point    25 : (  0.2400,  0.0000,  0.2400)
   Mode, Frequency 
      1    120.4997 cm^-1  (      3.6125 THz )
      2    120.4997 cm^-1  (      3.6125 THz )
      3    231.4445 cm^-1  (      6.9385 THz )
      4    475.3983 cm^-1  (     14.2521 THz )
      5    475.3983 cm^-1  (     14.2521 THz )
      6    493.1360 cm^-1  (     14.7838 THz )

 # k point    26 : (  0.2500,  0.0000,  0.2500)
   Mode, Frequency 
      1    123.3525 cm^-1  (      3.6980 THz )
      2    123.3525 cm^-1  (      3.6980 THz )
      3    239.9665 cm^-1  (      7.1940 THz )
      4    473.5846 cm^-1  (     14.1977 THz )
      5    473.5846 cm^-1  (     14.1977 THz )
      6    491.3148 cm^-1  (     14.7292 THz )

 # k point    27 : (  0.2600,  0.0000,  0.2600)
   Mode, Frequency 
      1    125.9500 cm^-1  (      3.7759 THz )
      2    125.9500 cm^-1  (      3.7759 THz )
      3    248.3640 cm^-1  (      7.4458 THz )
      4    471.8763 cm^-1  (     14.1465 THz )
      5    471.8763 cm^-1  (     14.1465 THz )
      6    489.3945 cm^-1  (     14.6717 THz )

 # k point    28 : (  0.2700,  0.0000,  0.2700)
   Mode, Frequency 
      1    128.2900 cm^-1  (      3.8460 THz )
      2    128.2900 cm^-1  (      3.8460 THz )
      3    256.6342 cm^-1  (      7.6937 THz )
      4    470.2831 cm^-1  (     14.0987 THz )
      5    470.2831 cm^-1  (     14.0987 THz )
      6    487.3731 cm^-1  (     14.6111 THz )

 # k point    29 : (  0.2800,  0.0000,  0.2800)
   Mode, Frequency 
      1    130.3728 cm^-1  (      3.9085 THz )
      2    130.3728 cm^-1  (      3.9085 THz )
      3    264.7747 cm^-1  (      7.9377 THz )
      4    468.8128 cm^-1  (     14.0547 THz )
      5    468.8128 cm^-1  (     14.0547 THz )
      6    485.2481 cm^-1  (     14.5474 THz )

 # k point    30 : (  0.2900,  0.0000,  0.2900)
   Mode, Frequency 
      1    132.2008 cm^-1  (      3.9633 THz )
      2    132.2008 cm^-1  (      3.9633 THz )
      3    272.7832 cm^-1  (      8.1778 THz )
      4    467.4710 cm^-1  (     14.0144 THz )
      5    467.4710 cm^-1  (     14.0144 THz )
      6    483.0175 cm^-1  (     14.4805 THz )

 # k point    31 : (  0.3000,  0.0000,  0.3000)
   Mode, Frequency 
      1    133.7790 cm^-1  (      4.0106 THz )
      2    133.7790 cm^-1  (      4.0106 THz )
      3    280.6576 cm^-1  (      8.4139 THz )
      4    466.2612 cm^-1  (     13.9782 THz )
      5    466.2612 cm^-1  (     13.9782 THz )
      6    480.6790 cm^-1  (     14.4104 THz )

 # k point    32 : (  0.3100,  0.0000,  0.3100)
   Mode, Frequency 
      1    135.1149 cm^-1  (      4.0506 THz )
      2    135.1149 cm^-1  (      4.0506 THz )
      3    288.3959 cm^-1  (      8.6459 THz )
      4    465.1845 cm^-1  (     13.9459 THz )
      5    465.1845 cm^-1  (     13.9459 THz )
      6    478.2305 cm^-1  (     14.3370 THz )

 # k point    33 : (  0.3200,  0.0000,  0.3200)
   Mode, Frequency 
      1    136.2185 cm^-1  (      4.0837 THz )
      2    136.2185 cm^-1  (      4.0837 THz )
      3    295.9966 cm^-1  (      8.8738 THz )
      4    464.2402 cm^-1  (     13.9176 THz )
      5    464.2402 cm^-1  (     13.9176 THz )
      6    475.6700 cm^-1  (     14.2602 THz )

 # k point    34 : (  0.3300,  0.0000,  0.3300)
   Mode, Frequency 
      1    137.1022 cm^-1  (      4.1102 THz )
      2    137.1022 cm^-1  (      4.1102 THz )
      3    303.4582 cm^-1  (      9.0974 THz )
      4    463.4251 cm^-1  (     13.8931 THz )
      5    463.4251 cm^-1  (     13.8931 THz )
      6    472.9953 cm^-1  (     14.1800 THz )

 # k point    35 : (  0.3400,  0.0000,  0.3400)
   Mode, Frequency 
      1    137.7805 cm^-1  (      4.1306 THz )
      2    137.7805 cm^-1  (      4.1306 THz )
      3    310.7791 cm^-1  (      9.3169 THz )
      4    462.7342 cm^-1  (     13.8724 THz )
      5    462.7342 cm^-1  (     13.8724 THz )
      6    470.2044 cm^-1  (     14.0964 THz )

 # k point    36 : (  0.3500,  0.0000,  0.3500)
   Mode, Frequency 
      1    138.2700 cm^-1  (      4.1452 THz )
      2    138.2700 cm^-1  (      4.1452 THz )
      3    317.9585 cm^-1  (      9.5322 THz )
      4    462.1610 cm^-1  (     13.8552 THz )
      5    462.1610 cm^-1  (     13.8552 THz )
      6    467.2954 cm^-1  (     14.0092 THz )

 # k point    37 : (  0.3600,  0.0000,  0.3600)
   Mode, Frequency 
      1    138.5892 cm^-1  (      4.1548 THz )
      2    138.5892 cm^-1  (      4.1548 THz )
      3    324.9951 cm^-1  (      9.7431 THz )
      4    461.6969 cm^-1  (     13.8413 THz )
      5    461.6969 cm^-1  (     13.8413 THz )
      6    464.2665 cm^-1  (     13.9184 THz )

 # k point    38 : (  0.3700,  0.0000,  0.3700)
   Mode, Frequency 
      1    138.7579 cm^-1  (      4.1599 THz )
      2    138.7579 cm^-1  (      4.1599 THz )
      3    331.8884 cm^-1  (      9.9498 THz )
      4    461.1156 cm^-1  (     13.8239 THz )
      5    461.3325 cm^-1  (     13.8304 THz )
      6    461.3325 cm^-1  (     13.8304 THz )

 # k point    39 : (  0.3800,  0.0000,  0.3800)
   Mode, Frequency 
      1    138.7969 cm^-1  (      4.1610 THz )
      2    138.7969 cm^-1  (      4.1610 THz )
      3    338.6374 cm^-1  (     10.1521 THz )
      4    457.8411 cm^-1  (     13.7257 THz )
      5    461.0573 cm^-1  (     13.8222 THz )
      6    461.0573 cm^-1  (     13.8222 THz )

 # k point    40 : (  0.3900,  0.0000,  0.3900)
   Mode, Frequency 
      1    138.7279 cm^-1  (      4.1590 THz )
      2    138.7279 cm^-1  (      4.1590 THz )
      3    345.2419 cm^-1  (     10.3501 THz )
      4    454.4412 cm^-1  (     13.6238 THz )
      5    460.8601 cm^-1  (     13.8162 THz )
      6    460.8601 cm^-1  (     13.8162 THz )

 # k point    41 : (  0.4000,  0.0000,  0.4000)
   Mode, Frequency 
      1    138.5726 cm^-1  (      4.1543 THz )
      2    138.5726 cm^-1  (      4.1543 THz )
      3    351.7014 cm^-1  (     10.5437 THz )
      4    450.9142 cm^-1  (     13.5181 THz )
      5    460.7293 cm^-1  (     13.8123 THz )
      6    460.7293 cm^-1  (     13.8123 THz )

 # k point    42 : (  0.4100,  0.0000,  0.4100)
   Mode, Frequency 
      1    138.3528 cm^-1  (      4.1477 THz )
      2    138.3528 cm^-1  (      4.1477 THz )
      3    358.0156 cm^-1  (     10.7330 THz )
      4    447.2585 cm^-1  (     13.4085 THz )
      5    460.6533 cm^-1  (     13.8100 THz )
      6    460.6533 cm^-1  (     13.8100 THz )

 # k point    43 : (  0.4200,  0.0000,  0.4200)
   Mode, Frequency 
      1    138.0898 cm^-1  (      4.1398 THz )
      2    138.0898 cm^-1  (      4.1398 THz )
      3    364.1845 cm^-1  (     10.9180 THz )
      4    443.4726 cm^-1  (     13.2950 THz )
      5    460.6208 cm^-1  (     13.8091 THz )
      6    460.6208 cm^-1  (     13.8091 THz )

 # k point    44 : (  0.4300,  0.0000,  0.4300)
   Mode, Frequency 
      1    137.8038 cm^-1  (      4.1313 THz )
      2    137.8038 cm^-1  (      4.1313 THz )
      3    370.2082 cm^-1  (     11.0986 THz )
      4    439.5550 cm^-1  (     13.1775 THz )
      5    460.6208 cm^-1  (     13.8091 THz )
      6    460.6208 cm^-1  (     13.8091 THz )

 # k point    45 : (  0.4400,  0.0000,  0.4400)
   Mode, Frequency 
      1    137.5138 cm^-1  (      4.1226 THz )
      2    137.5138 cm^-1  (      4.1226 THz )
      3    376.0867 cm^-1  (     11.2748 THz )
      4    435.5042 cm^-1  (     13.0561 THz )
      5    460.6432 cm^-1  (     13.8097 THz )
      6    460.6432 cm^-1  (     13.8097 THz )

 # k point    46 : (  0.4500,  0.0000,  0.4500)
   Mode, Frequency 
      1    137.2369 cm^-1  (      4.1143 THz )
      2    137.2369 cm^-1  (      4.1143 THz )
      3    381.8203 cm^-1  (     11.4467 THz )
      4    431.3190 cm^-1  (     12.9306 THz )
      5    460.6788 cm^-1  (     13.8108 THz )
      6    460.6788 cm^-1  (     13.8108 THz )

 # k point    47 : (  0.4600,  0.0000,  0.4600)
   Mode, Frequency 
      1    136.9885 cm^-1  (      4.1068 THz )
      2    136.9885 cm^-1  (      4.1068 THz )
      3    387.4095 cm^-1  (     11.6142 THz )
      4    426.9979 cm^-1  (     12.8011 THz )
      5    460.7196 cm^-1  (     13.8120 THz )
      6    460.7196 cm^-1  (     13.8120 THz )

 # k point    48 : (  0.4700,  0.0000,  0.4700)
   Mode, Frequency 
      1    136.7814 cm^-1  (      4.1006 THz )
      2    136.7814 cm^-1  (      4.1006 THz )
      3    392.8546 cm^-1  (     11.7775 THz )
      4    422.5398 cm^-1  (     12.6674 THz )
      5    460.7585 cm^-1  (     13.8132 THz )
      6    460.7585 cm^-1  (     13.8132 THz )

 # k point    49 : (  0.4800,  0.0000,  0.4800)
   Mode, Frequency 
      1    136.6259 cm^-1  (      4.0959 THz )
      2    136.6259 cm^-1  (      4.0959 THz )
      3    398.1564 cm^-1  (     11.9364 THz )
      4    417.9435 cm^-1  (     12.5296 THz )
      5    460.7903 cm^-1  (     13.8141 THz )
      6    460.7903 cm^-1  (     13.8141 THz )

 # k point    50 : (  0.4900,  0.0000,  0.4900)
   Mode, Frequency 
      1    136.5296 cm^-1  (      4.0931 THz )
      2    136.5296 cm^-1  (      4.0931 THz )
      3    403.3153 cm^-1  (     12.0911 THz )
      4    413.2080 cm^-1  (     12.3877 THz )
      5    460.8110 cm^-1  (     13.8148 THz )
      6    460.8110 cm^-1  (     13.8148 THz )

 # k point    51 : (  0.5000,  0.0000,  0.5000)
   Mode, Frequency 
      1    136.4969 cm^-1  (      4.0921 THz )
      2    136.4969 cm^-1  (      4.0921 THz )
      3    408.3322 cm^-1  (     12.2415 THz )
      4    408.3322 cm^-1  (     12.2415 THz )
      5    460.8182 cm^-1  (     13.8150 THz )
      6    460.8182 cm^-1  (     13.8150 THz )

 # k point    52 : (  0.5000,  0.0000,  0.5000)
   Mode, Frequency 
      1    136.4969 cm^-1  (      4.0921 THz )
      2    136.4969 cm^-1  (      4.0921 THz )
      3    408.3322 cm^-1  (     12.2415 THz )
      4    408.3322 cm^-1  (     12.2415 THz )
      5    460.8182 cm^-1  (     13.8150 THz )
      6    460.8182 cm^-1  (     13.8150 THz )

 # k point    53 : (  0.4900,  0.0000,  0.4900)
   Mode, Frequency 
      1    136.5296 cm^-1  (      4.0931 THz )
      2    136.5296 cm^-1  (      4.0931 THz )
      3    403.3153 cm^-1  (     12.0911 THz )
      4    413.2080 cm^-1  (     12.3877 THz )
      5    460.8110 cm^-1  (     13.8148 THz )
      6    460.8110 cm^-1  (     13.8148 THz )

 # k point    54 : (  0.4800,  0.0000,  0.4800)
   Mode, Frequency 
      1    136.6259 cm^-1  (      4.0959 THz )
      2    136.6259 cm^-1  (      4.0959 THz )
      3    398.1564 cm^-1  (     11.9364 THz )
      4    417.9435 cm^-1  (     12.5296 THz )
      5    460.7903 cm^-1  (     13.8141 THz )
      6    460.7903 cm^-1  (     13.8141 THz )

 # k point    55 : (  0.4700,  0.0000,  0.4700)
   Mode, Frequency 
      1    136.7814 cm^-1  (      4.1006 THz )
      2    136.7814 cm^-1  (      4.1006 THz )
      3    392.8546 cm^-1  (     11.7775 THz )
      4    422.5398 cm^-1  (     12.6674 THz )
      5    460.7585 cm^-1  (     13.8132 THz )
      6    460.7585 cm^-1  (     13.8132 THz )

 # k point    56 : (  0.4600,  0.0000,  0.4600)
   Mode, Frequency 
      1    136.9885 cm^-1  (      4.1068 THz )
      2    136.9885 cm^-1  (      4.1068 THz )
      3    387.4095 cm^-1  (     11.6142 THz )
      4    426.9979 cm^-1  (     12.8011 THz )
      5    460.7196 cm^-1  (     13.8120 THz )
      6    460.7196 cm^-1  (     13.8120 THz )

 # k point    57 : (  0.4500,  0.0000,  0.4500)
   Mode, Frequency 
      1    137.2369 cm^-1  (      4.1143 THz )
      2    137.2369 cm^-1  (      4.1143 THz )
      3    381.8203 cm^-1  (     11.4467 THz )
      4    431.3190 cm^-1  (     12.9306 THz )
      5    460.6788 cm^-1  (     13.8108 THz )
      6    460.6788 cm^-1  (     13.8108 THz )

 # k point    58 : (  0.4400,  0.0000,  0.4400)
   Mode, Frequency 
      1    137.5138 cm^-1  (      4.1226 THz )
      2    137.5138 cm^-1  (      4.1226 THz )
      3    376.0867 cm^-1  (     11.2748 THz )
      4    435.5042 cm^-1  (     13.0561 THz )
      5    460.6432 cm^-1  (     13.8097 THz )
      6    460.6432 cm^-1  (     13.8097 THz )

 # k point    59 : (  0.4300,  0.0000,  0.4300)
   Mode, Frequency 
      1    137.8038 cm^-1  (      4.1313 THz )
      2    137.8038 cm^-1  (      4.1313 THz )
      3    370.2082 cm^-1  (     11.0986 THz )
      4    439.5550 cm^-1  (     13.1775 THz )
      5    460.6208 cm^-1  (     13.8091 THz )
      6    460.6208 cm^-1  (     13.8091 THz )

 # k point    60 : (  0.4200,  0.0000,  0.4200)
   Mode, Frequency 
      1    138.0898 cm^-1  (      4.1398 THz )
      2    138.0898 cm^-1  (      4.1398 THz )
      3    364.1845 cm^-1  (     10.9180 THz )
      4    443.4726 cm^-1  (     13.2950 THz )
      5    460.6208 cm^-1  (     13.8091 THz )
      6    460.6208 cm^-1  (     13.8091 THz )

 # k point    61 : (  0.4100,  0.0000,  0.4100)
   Mode, Frequency 
      1    138.3528 cm^-1  (      4.1477 THz )
      2    138.3528 cm^-1  (      4.1477 THz )
      3    358.0156 cm^-1  (     10.7330 THz )
      4    447.2585 cm^-1  (     13.4085 THz )
      5    460.6533 cm^-1  (     13.8100 THz )
      6    460.6533 cm^-1  (     13.8100 THz )

 # k point    62 : (  0.4000,  0.0000,  0.4000)
   Mode, Frequency 
      1    138.5726 cm^-1  (      4.1543 THz )
      2    138.5726 cm^-1  (      4.1543 THz )
      3    351.7014 cm^-1  (     10.5437 THz )
      4    450.9142 cm^-1  (     13.5181 THz )
      5    460.7293 cm^-1  (     13.8123 THz )
      6    460.7293 cm^-1  (     13.8123 THz )

 # k point    63 : (  0.3900,  0.0000,  0.3900)
   Mode, Frequency 
      1    138.7279 cm^-1  (      4.1590 THz )
      2    138.7279 cm^-1  (      4.1590 THz )
      3    345.2419 cm^-1  (     10.3501 THz )
      4    454.4412 cm^-1  (     13.6238 THz )
      5    460.8601 cm^-1  (     13.8162 THz )
      6    460.8601 cm^-1  (     13.8162 THz )

 # k point    64 : (  0.3800,  0.0000,  0.3800)
   Mode, Frequency 
      1    138.7969 cm^-1  (      4.1610 THz )
      2    138.7969 cm^-1  (      4.1610 THz )
      3    338.6374 cm^-1  (     10.1521 THz )
      4    457.8411 cm^-1  (     13.7257 THz )
      5    461.0573 cm^-1  (     13.8222 THz )
      6    461.0573 cm^-1  (     13.8222 THz )

 # k point    65 : (  0.3700,  0.0000,  0.3700)
   Mode, Frequency 
      1    138.7579 cm^-1  (      4.1599 THz )
      2    138.7579 cm^-1  (      4.1599 THz )
      3    331.8884 cm^-1  (      9.9498 THz )
      4    461.1156 cm^-1  (     13.8239 THz )
      5    461.3325 cm^-1  (     13.8304 THz )
      6    461.3325 cm^-1  (     13.8304 THz )

 # k point    66 : (  0.3600,  0.0000,  0.3600)
   Mode, Frequency 
      1    138.5892 cm^-1  (      4.1548 THz )
      2    138.5892 cm^-1  (      4.1548 THz )
      3    324.9951 cm^-1  (      9.7431 THz )
      4    461.6969 cm^-1  (     13.8413 THz )
      5    461.6969 cm^-1  (     13.8413 THz )
      6    464.2665 cm^-1  (     13.9184 THz )

 # k point    67 : (  0.3500,  0.0000,  0.3500)
   Mode, Frequency 
      1    138.2700 cm^-1  (      4.1452 THz )
      2    138.2700 cm^-1  (      4.1452 THz )
      3    317.9585 cm^-1  (      9.5322 THz )
      4    462.1610 cm^-1  (     13.8552 THz )
      5    462.1610 cm^-1  (     13.8552 THz )
      6    467.2954 cm^-1  (     14.0092 THz )

 # k point    68 : (  0.3400,  0.0000,  0.3400)
   Mode, Frequency 
      1    137.7805 cm^-1  (      4.1306 THz )
      2    137.7805 cm^-1  (      4.1306 THz )
      3    310.7791 cm^-1  (      9.3169 THz )
      4    462.7342 cm^-1  (     13.8724 THz )
      5    462.7342 cm^-1  (     13.8724 THz )
      6    470.2044 cm^-1  (     14.0964 THz )

 # k point    69 : (  0.3300,  0.0000,  0.3300)
   Mode, Frequency 
      1    137.1022 cm^-1  (      4.1102 THz )
      2    137.1022 cm^-1  (      4.1102 THz )
      3    303.4582 cm^-1  (      9.0974 THz )
      4    463.4251 cm^-1  (     13.8931 THz )
      5    463.4251 cm^-1  (     13.8931 THz )
      6    472.9953 cm^-1  (     14.1800 THz )

 # k point    70 : (  0.3200,  0.0000,  0.3200)
   Mode, Frequency 
      1    136.2185 cm^-1  (      4.0837 THz )
      2    136.2185 cm^-1  (      4.0837 THz )
      3    295.9966 cm^-1  (      8.8738 THz )
      4    464.2402 cm^-1  (     13.9176 THz )
      5    464.2402 cm^-1  (     13.9176 THz )
      6    475.6700 cm^-1  (     14.2602 THz )

 # k point    71 : (  0.3100,  0.0000,  0.3100)
   Mode, Frequency 
      1    135.1149 cm^-1  (      4.0506 THz )
      2    135.1149 cm^-1  (      4.0506 THz )
      3    288.3959 cm^-1  (      8.6459 THz )
      4    465.1845 cm^-1  (     13.9459 THz )
      5    465.1845 cm^-1  (     13.9459 THz )
      6    478.2305 cm^-1  (     14.3370 THz )

 # k point    72 : (  0.3000,  0.0000,  0.3000)
   Mode, Frequency 
      1    133.7790 cm^-1  (      4.0106 THz )
      2    133.7790 cm^-1  (      4.0106 THz )
      3    280.6576 cm^-1  (      8.4139 THz )
      4    466.2612 cm^-1  (     13.9782 THz )
      5    466.2612 cm^-1  (     13.9782 THz )
      6    480.6790 cm^-1  (     14.4104 THz )

 # k point    73 : (  0.2900,  0.0000,  0.2900)
   Mode, Frequency 
      1    132.2008 cm^-1  (      3.9633 THz )
      2    132.2008 cm^-1  (      3.9633 THz )
      3    272.7832 cm^-1  (      8.1778 THz )
      4    467.4710 cm^-1  (     14.0144 THz )
      5    467.4710 cm^-1  (     14.0144 THz )
      6    483.0175 cm^-1  (     14.4805 THz )

 # k point    74 : (  0.2800,  0.0000,  0.2800)
   Mode, Frequency 
      1    130.3728 cm^-1  (      3.9085 THz )
      2    130.3728 cm^-1  (      3.9085 THz )
      3    264.7747 cm^-1  (      7.9377 THz )
      4    468.8128 cm^-1  (     14.0547 THz )
      5    468.8128 cm^-1  (     14.0547 THz )
      6    485.2481 cm^-1  (     14.5474 THz )

 # k point    75 : (  0.2700,  0.0000,  0.2700)
   Mode, Frequency 
      1    128.2900 cm^-1  (      3.8460 THz )
      2    128.2900 cm^-1  (      3.8460 THz )
      3    256.6342 cm^-1  (      7.6937 THz )
      4    470.2831 cm^-1  (     14.0987 THz )
      5    470.2831 cm^-1  (     14.0987 THz )
      6    487.3731 cm^-1  (     14.6111 THz )

 # k point    76 : (  0.2600,  0.0000,  0.2600)
   Mode, Frequency 
      1    125.9500 cm^-1  (      3.7759 THz )
      2    125.9500 cm^-1  (      3.7759 THz )
      3    248.3640 cm^-1  (      7.4458 THz )
      4    471.8763 cm^-1  (     14.1465 THz )
      5    471.8763 cm^-1  (     14.1465 THz )
      6    489.3945 cm^-1  (     14.6717 THz )

 # k point    77 : (  0.2500,  0.0000,  0.2500)
   Mode, Frequency 
      1    123.3525 cm^-1  (      3.6980 THz )
      2    123.3525 cm^-1  (      3.6980 THz )
      3    239.9665 cm^-1  (      7.1940 THz )
      4    473.5846 cm^-1  (     14.1977 THz )
      5    473.5846 cm^-1  (     14.1977 THz )
      6    491.3148 cm^-1  (     14.7292 THz )

 # k point    78 : (  0.2400,  0.0000,  0.2400)
   Mode, Frequency 
      1    120.4997 cm^-1  (      3.6125 THz )
      2    120.4997 cm^-1  (      3.6125 THz )
      3    231.4445 cm^-1  (      6.9385 THz )
      4    475.3983 cm^-1  (     14.2521 THz )
      5    475.3983 cm^-1  (     14.2521 THz )
      6    493.1360 cm^-1  (     14.7838 THz )

 # k point    79 : (  0.2300,  0.0000,  0.2300)
   Mode, Frequency 
      1    117.3957 cm^-1  (      3.5194 THz )
      2    117.3957 cm^-1  (      3.5194 THz )
      3    222.8008 cm^-1  (      6.6794 THz )
      4    477.3062 cm^-1  (     14.3093 THz )
      5    477.3062 cm^-1  (     14.3093 THz )
      6    494.8606 cm^-1  (     14.8355 THz )

 # k point    80 : (  0.2200,  0.0000,  0.2200)
   Mode, Frequency 
      1    114.0466 cm^-1  (      3.4190 THz )
      2    114.0466 cm^-1  (      3.4190 THz )
      3    214.0385 cm^-1  (      6.4167 THz )
      4    479.2952 cm^-1  (     14.3689 THz )
      5    479.2952 cm^-1  (     14.3689 THz )
      6    496.4907 cm^-1  (     14.8844 THz )

 # k point    81 : (  0.2100,  0.0000,  0.2100)
   Mode, Frequency 
      1    110.4598 cm^-1  (      3.3115 THz )
      2    110.4598 cm^-1  (      3.3115 THz )
      3    205.1610 cm^-1  (      6.1506 THz )
      4    481.3511 cm^-1  (     14.4305 THz )
      5    481.3511 cm^-1  (     14.4305 THz )
      6    498.0286 cm^-1  (     14.9305 THz )

 # k point    82 : (  0.2000,  0.0000,  0.2000)
   Mode, Frequency 
      1    106.6443 cm^-1  (      3.1971 THz )
      2    106.6443 cm^-1  (      3.1971 THz )
      3    196.1717 cm^-1  (      5.8811 THz )
      4    483.4587 cm^-1  (     14.4937 THz )
      5    483.4587 cm^-1  (     14.4937 THz )
      6    499.4766 cm^-1  (     14.9739 THz )

 # k point    83 : (  0.1900,  0.0000,  0.1900)
   Mode, Frequency 
      1    102.6101 cm^-1  (      3.0762 THz )
      2    102.6101 cm^-1  (      3.0762 THz )
      3    187.0745 cm^-1  (      5.6084 THz )
      4    485.6018 cm^-1  (     14.5580 THz )
      5    485.6018 cm^-1  (     14.5580 THz )
      6    500.8369 cm^-1  (     15.0147 THz )

 # k point    84 : (  0.1800,  0.0000,  0.1800)
   Mode, Frequency 
      1     98.3682 cm^-1  (      2.9490 THz )
      2     98.3682 cm^-1  (      2.9490 THz )
      3    177.8731 cm^-1  (      5.3325 THz )
      4    487.7637 cm^-1  (     14.6228 THz )
      5    487.7637 cm^-1  (     14.6228 THz )
      6    502.1117 cm^-1  (     15.0529 THz )

 # k point    85 : (  0.1700,  0.0000,  0.1700)
   Mode, Frequency 
      1     93.9301 cm^-1  (      2.8160 THz )
      2     93.9301 cm^-1  (      2.8160 THz )
      3    168.5719 cm^-1  (      5.0537 THz )
      4    489.9276 cm^-1  (     14.6877 THz )
      5    489.9276 cm^-1  (     14.6877 THz )
      6    503.3033 cm^-1  (     15.0887 THz )

 # k point    86 : (  0.1600,  0.0000,  0.1600)
   Mode, Frequency 
      1     89.3079 cm^-1  (      2.6774 THz )
      2     89.3079 cm^-1  (      2.6774 THz )
      3    159.1749 cm^-1  (      4.7719 THz )
      4    492.0763 cm^-1  (     14.7521 THz )
      5    492.0763 cm^-1  (     14.7521 THz )
      6    504.4137 cm^-1  (     15.1219 THz )

 # k point    87 : (  0.1500,  0.0000,  0.1500)
   Mode, Frequency 
      1     84.5138 cm^-1  (      2.5337 THz )
      2     84.5138 cm^-1  (      2.5337 THz )
      3    149.6869 cm^-1  (      4.4875 THz )
      4    494.1929 cm^-1  (     14.8155 THz )
      5    494.1929 cm^-1  (     14.8155 THz )
      6    505.4451 cm^-1  (     15.1529 THz )

 # k point    88 : (  0.1400,  0.0000,  0.1400)
   Mode, Frequency 
      1     79.5604 cm^-1  (      2.3852 THz )
      2     79.5604 cm^-1  (      2.3852 THz )
      3    140.1125 cm^-1  (      4.2005 THz )
      4    496.2607 cm^-1  (     14.8775 THz )
      5    496.2607 cm^-1  (     14.8775 THz )
      6    506.3994 cm^-1  (     15.1815 THz )

 # k point    89 : (  0.1300,  0.0000,  0.1300)
   Mode, Frequency 
      1     74.4599 cm^-1  (      2.2323 THz )
      2     74.4599 cm^-1  (      2.2323 THz )
      3    130.4566 cm^-1  (      3.9110 THz )
      4    498.2635 cm^-1  (     14.9376 THz )
      5    498.2635 cm^-1  (     14.9376 THz )
      6    507.2787 cm^-1  (     15.2078 THz )

 # k point    90 : (  0.1200,  0.0000,  0.1200)
   Mode, Frequency 
      1     69.2248 cm^-1  (      2.0753 THz )
      2     69.2248 cm^-1  (      2.0753 THz )
      3    120.7242 cm^-1  (      3.6192 THz )
      4    500.1857 cm^-1  (     14.9952 THz )
      5    500.1857 cm^-1  (     14.9952 THz )
      6    508.0847 cm^-1  (     15.2320 THz )

 # k point    91 : (  0.1100,  0.0000,  0.1100)
   Mode, Frequency 
      1     63.8671 cm^-1  (      1.9147 THz )
      2     63.8671 cm^-1  (      1.9147 THz )
      3    110.9205 cm^-1  (      3.3253 THz )
      4    502.0125 cm^-1  (     15.0500 THz )
      5    502.0125 cm^-1  (     15.0500 THz )
      6    508.8192 cm^-1  (     15.2540 THz )

 # k point    92 : (  0.1000,  0.0000,  0.1000)
   Mode, Frequency 
      1     58.3987 cm^-1  (      1.7507 THz )
      2     58.3987 cm^-1  (      1.7507 THz )
      3    101.0509 cm^-1  (      3.0294 THz )
      4    503.7298 cm^-1  (     15.1014 THz )
      5    503.7298 cm^-1  (     15.1014 THz )
      6    509.4839 cm^-1  (     15.2739 THz )

 # k point    93 : (  0.0900,  0.0000,  0.0900)
   Mode, Frequency 
      1     52.8311 cm^-1  (      1.5838 THz )
      2     52.8311 cm^-1  (      1.5838 THz )
      3     91.1210 cm^-1  (      2.7317 THz )
      4    505.3247 cm^-1  (     15.1493 THz )
      5    505.3247 cm^-1  (     15.1493 THz )
      6    510.0804 cm^-1  (     15.2918 THz )

 # k point    94 : (  0.0800,  0.0000,  0.0800)
   Mode, Frequency 
      1     47.1755 cm^-1  (      1.4143 THz )
      2     47.1755 cm^-1  (      1.4143 THz )
      3     81.1363 cm^-1  (      2.4324 THz )
      4    506.7850 cm^-1  (     15.1930 THz )
      5    506.7850 cm^-1  (     15.1930 THz )
      6    510.6101 cm^-1  (     15.3077 THz )

 # k point    95 : (  0.0700,  0.0000,  0.0700)
   Mode, Frequency 
      1     41.4427 cm^-1  (      1.2424 THz )
      2     41.4427 cm^-1  (      1.2424 THz )
      3     71.1027 cm^-1  (      2.1316 THz )
      4    508.0999 cm^-1  (     15.2325 THz )
      5    508.0999 cm^-1  (     15.2325 THz )
      6    511.0743 cm^-1  (     15.3216 THz )

 # k point    96 : (  0.0600,  0.0000,  0.0600)
   Mode, Frequency 
      1     35.6433 cm^-1  (      1.0686 THz )
      2     35.6433 cm^-1  (      1.0686 THz )
      3     61.0259 cm^-1  (      1.8295 THz )
      4    509.2596 cm^-1  (     15.2672 THz )
      5    509.2596 cm^-1  (     15.2672 THz )
      6    511.4741 cm^-1  (     15.3336 THz )

 # k point    97 : (  0.0500,  0.0000,  0.0500)
   Mode, Frequency 
      1     29.7875 cm^-1  (      0.8930 THz )
      2     29.7875 cm^-1  (      0.8930 THz )
      3     50.9120 cm^-1  (      1.5263 THz )
      4    510.2555 cm^-1  (     15.2971 THz )
      5    510.2555 cm^-1  (     15.2971 THz )
      6    511.8107 cm^-1  (     15.3437 THz )

 # k point    98 : (  0.0400,  0.0000,  0.0400)
   Mode, Frequency 
      1     23.8851 cm^-1  (      0.7161 THz )
      2     23.8851 cm^-1  (      0.7161 THz )
      3     40.7671 cm^-1  (      1.2222 THz )
      4    511.0805 cm^-1  (     15.3218 THz )
      5    511.0805 cm^-1  (     15.3218 THz )
      6    512.0848 cm^-1  (     15.3519 THz )

 # k point    99 : (  0.0300,  0.0000,  0.0300)
   Mode, Frequency 
      1     17.9458 cm^-1  (      0.5380 THz )
      2     17.9458 cm^-1  (      0.5380 THz )
      3     30.5972 cm^-1  (      0.9173 THz )
      4    511.7283 cm^-1  (     15.3412 THz )
      5    511.7283 cm^-1  (     15.3412 THz )
      6    512.2973 cm^-1  (     15.3583 THz )

 # k point   100 : (  0.0200,  0.0000,  0.0200)
   Mode, Frequency 
      1     11.9791 cm^-1  (      0.3591 THz )
      2     11.9791 cm^-1  (      0.3591 THz )
      3     20.4086 cm^-1  (      0.6118 THz )
      4    512.1945 cm^-1  (     15.3552 THz )
      5    512.1945 cm^-1  (     15.3552 THz )
      6    512.4486 cm^-1  (     15.3628 THz )

 # k point   101 : (  0.0100,  0.0000,  0.0100)
   Mode, Frequency 
      1      5.9941 cm^-1  (      0.1797 THz )
      2      5.9941 cm^-1  (      0.1797 THz )
      3     10.2074 cm^-1  (      0.3060 THz )
      4    512.4755 cm^-1  (     15.3636 THz )
      5    512.4755 cm^-1  (     15.3636 THz )
      6    512.5392 cm^-1  (     15.3655 THz )

 # k point   102 : (  0.0000,  0.0000,  0.0000)
   Mode, Frequency 
      1      0.0000 cm^-1  (      0.0000 THz )
      2      0.0000 cm^-1  (      0.0000 THz )
      3      0.0000 cm^-1  (      0.0000 THz )
      4    512.5694 cm^-1  (     15.3664 THz )
      5    512.5694 cm^-1  (     15.3664 THz )
      6    512.5694 cm^-1  (     15.3664 THz )

 # k point   103 : (  0.0000,  0.0000,  0.0000)
   Mode, Frequency 
      1      0.0000 cm^-1  (      0.0000 THz )
      2      0.0000 cm^-1  (      0.0000 THz )
      3      0.0000 cm^-1  (      0.0000 THz )
      4    512.5694 cm^-1  (     15.3664 THz )
      5    512.5694 cm^-1  (     15.3664 THz )
      6    512.5694 cm^-1  (     15.3664 THz )

 # k point   104 : (  0.0100,  0.0100,  0.0100)
   Mode, Frequency 
      1      4.6819 cm^-1  (      0.1404 THz )
      2      4.6819 cm^-1  (      0.1404 THz )
      3      9.3913 cm^-1  (      0.2815 THz )
      4    512.4908 cm^-1  (     15.3641 THz )
      5    512.5270 cm^-1  (     15.3652 THz )
      6    512.5270 cm^-1  (     15.3652 THz )

 # k point   105 : (  0.0200,  0.0200,  0.0200)
   Mode, Frequency 
      1      9.3538 cm^-1  (      0.2804 THz )
      2      9.3538 cm^-1  (      0.2804 THz )
      3     18.7788 cm^-1  (      0.5630 THz )
      4    512.2553 cm^-1  (     15.3570 THz )
      5    512.4001 cm^-1  (     15.3614 THz )
      6    512.4001 cm^-1  (     15.3614 THz )

 # k point   106 : (  0.0300,  0.0300,  0.0300)
   Mode, Frequency 
      1     14.0058 cm^-1  (      0.4199 THz )
      2     14.0058 cm^-1  (      0.4199 THz )
      3     28.1585 cm^-1  (      0.8442 THz )
      4    511.8642 cm^-1  (     15.3453 THz )
      5    512.1895 cm^-1  (     15.3551 THz )
      6    512.1895 cm^-1  (     15.3551 THz )

 # k point   107 : (  0.0400,  0.0400,  0.0400)
   Mode, Frequency 
      1     18.6279 cm^-1  (      0.5585 THz )
      2     18.6279 cm^-1  (      0.5585 THz )
      3     37.5265 cm^-1  (      1.1250 THz )
      4    511.3197 cm^-1  (     15.3290 THz )
      5    511.8970 cm^-1  (     15.3463 THz )
      6    511.8970 cm^-1  (     15.3463 THz )

 # k point   108 : (  0.0500,  0.0500,  0.0500)
   Mode, Frequency 
      1     23.2102 cm^-1  (      0.6958 THz )
      2     23.2102 cm^-1  (      0.6958 THz )
      3     46.8790 cm^-1  (      1.4054 THz )
      4    510.6249 cm^-1  (     15.3081 THz )
      5    511.5246 cm^-1  (     15.3351 THz )
      6    511.5246 cm^-1  (     15.3351 THz )

 # k point   109 : (  0.0600,  0.0600,  0.0600)
   Mode, Frequency 
      1     27.7429 cm^-1  (      0.8317 THz )
      2     27.7429 cm^-1  (      0.8317 THz )
      3     56.2121 cm^-1  (      1.6852 THz )
      4    509.7834 cm^-1  (     15.2829 THz )
      5    511.0751 cm^-1  (     15.3216 THz )
      6    511.0751 cm^-1  (     15.3216 THz )

 # k point   110 : (  0.0700,  0.0700,  0.0700)
   Mode, Frequency 
      1     32.2159 cm^-1  (      0.9658 THz )
      2     32.2159 cm^-1  (      0.9658 THz )
      3     65.5222 cm^-1  (      1.9643 THz )
      4    508.7998 cm^-1  (     15.2534 THz )
      5    510.5519 cm^-1  (     15.3060 THz )
      6    510.5519 cm^-1  (     15.3060 THz )

 # k point   111 : (  0.0800,  0.0800,  0.0800)
   Mode, Frequency 
      1     36.6196 cm^-1  (      1.0978 THz )
      2     36.6196 cm^-1  (      1.0978 THz )
      3     74.8053 cm^-1  (      2.2426 THz )
      4    507.6794 cm^-1  (     15.2198 THz )
      5    509.9590 cm^-1  (     15.2882 THz )
      6    509.9590 cm^-1  (     15.2882 THz )

 # k point   112 : (  0.0900,  0.0900,  0.0900)
   Mode, Frequency 
      1     40.9442 cm^-1  (      1.2275 THz )
      2     40.9442 cm^-1  (      1.2275 THz )
      3     84.0579 cm^-1  (      2.5200 THz )
      4    506.4280 cm^-1  (     15.1823 THz )
      5    509.3010 cm^-1  (     15.2685 THz )
      6    509.3010 cm^-1  (     15.2685 THz )

 # k point   113 : (  0.1000,  0.1000,  0.1000)
   Mode, Frequency 
      1     45.1800 cm^-1  (      1.3545 THz )
      2     45.1800 cm^-1  (      1.3545 THz )
      3     93.2762 cm^-1  (      2.7964 THz )
      4    505.0520 cm^-1  (     15.1411 THz )
      5    508.5828 cm^-1  (     15.2469 THz )
      6    508.5828 cm^-1  (     15.2469 THz )

 # k point   114 : (  0.1100,  0.1100,  0.1100)
   Mode, Frequency 
      1     49.3176 cm^-1  (      1.4785 THz )
      2     49.3176 cm^-1  (      1.4785 THz )
      3    102.4566 cm^-1  (      3.0716 THz )
      4    503.5583 cm^-1  (     15.0963 THz )
      5    507.8101 cm^-1  (     15.2238 THz )
      6    507.8101 cm^-1  (     15.2238 THz )

 # k point   115 : (  0.1200,  0.1200,  0.1200)
   Mode, Frequency 
      1     53.3477 cm^-1  (      1.5993 THz )
      2     53.3477 cm^-1  (      1.5993 THz )
      3    111.5954 cm^-1  (      3.3455 THz )
      4    501.9541 cm^-1  (     15.0482 THz )
      5    506.9889 cm^-1  (     15.1991 THz )
      6    506.9889 cm^-1  (     15.1991 THz )

 # k point   116 : (  0.1300,  0.1300,  0.1300)
   Mode, Frequency 
      1     57.2613 cm^-1  (      1.7167 THz )
      2     57.2613 cm^-1  (      1.7167 THz )
      3    120.6890 cm^-1  (      3.6182 THz )
      4    500.2471 cm^-1  (     14.9970 THz )
      5    506.1258 cm^-1  (     15.1733 THz )
      6    506.1258 cm^-1  (     15.1733 THz )

 # k point   117 : (  0.1400,  0.1400,  0.1400)
   Mode, Frequency 
      1     61.0497 cm^-1  (      1.8302 THz )
      2     61.0497 cm^-1  (      1.8302 THz )
      3    129.7338 cm^-1  (      3.8893 THz )
      4    498.4449 cm^-1  (     14.9430 THz )
      5    505.2275 cm^-1  (     15.1463 THz )
      6    505.2275 cm^-1  (     15.1463 THz )

 # k point   118 : (  0.1500,  0.1500,  0.1500)
   Mode, Frequency 
      1     64.7047 cm^-1  (      1.9398 THz )
      2     64.7047 cm^-1  (      1.9398 THz )
      3    138.7262 cm^-1  (      4.1589 THz )
      4    496.5554 cm^-1  (     14.8864 THz )
      5    504.3012 cm^-1  (     15.1186 THz )
      6    504.3012 cm^-1  (     15.1186 THz )

 # k point   119 : (  0.1600,  0.1600,  0.1600)
   Mode, Frequency 
      1     68.2183 cm^-1  (      2.0451 THz )
      2     68.2183 cm^-1  (      2.0451 THz )
      3    147.6624 cm^-1  (      4.4268 THz )
      4    494.5864 cm^-1  (     14.8273 THz )
      5    503.3545 cm^-1  (     15.0902 THz )
      6    503.3545 cm^-1  (     15.0902 THz )

 # k point   120 : (  0.1700,  0.1700,  0.1700)
   Mode, Frequency 
      1     71.5832 cm^-1  (      2.1460 THz )
      2     71.5832 cm^-1  (      2.1460 THz )
      3    156.5388 cm^-1  (      4.6929 THz )
      4    492.5456 cm^-1  (     14.7661 THz )
      5    502.3946 cm^-1  (     15.0614 THz )
      6    502.3946 cm^-1  (     15.0614 THz )

 # k point   121 : (  0.1800,  0.1800,  0.1800)
   Mode, Frequency 
      1     74.7929 cm^-1  (      2.2422 THz )
      2     74.7929 cm^-1  (      2.2422 THz )
      3    165.3516 cm^-1  (      4.9571 THz )
      4    490.4405 cm^-1  (     14.7030 THz )
      5    501.4295 cm^-1  (     15.0325 THz )
      6    501.4295 cm^-1  (     15.0325 THz )

 # k point   122 : (  0.1900,  0.1900,  0.1900)
   Mode, Frequency 
      1     77.8414 cm^-1  (      2.3336 THz )
      2     77.8414 cm^-1  (      2.3336 THz )
      3    174.0969 cm^-1  (      5.2193 THz )
      4    488.2781 cm^-1  (     14.6382 THz )
      5    500.4665 cm^-1  (     15.0036 THz )
      6    500.4665 cm^-1  (     15.0036 THz )

 # k point   123 : (  0.2000,  0.2000,  0.2000)
   Mode, Frequency 
      1     80.7235 cm^-1  (      2.4200 THz )
      2     80.7235 cm^-1  (      2.4200 THz )
      3    182.7707 cm^-1  (      5.4793 THz )
      4    486.0652 cm^-1  (     14.5719 THz )
      5    499.5131 cm^-1  (     14.9750 THz )
      6    499.5131 cm^-1  (     14.9750 THz )

 # k point   124 : (  0.2100,  0.2100,  0.2100)
   Mode, Frequency 
      1     83.4351 cm^-1  (      2.5013 THz )
      2     83.4351 cm^-1  (      2.5013 THz )
      3    191.3689 cm^-1  (      5.7371 THz )
      4    483.8078 cm^-1  (     14.5042 THz )
      5    498.5767 cm^-1  (     14.9470 THz )
      6    498.5767 cm^-1  (     14.9470 THz )

 # k point   125 : (  0.2200,  0.2200,  0.2200)
   Mode, Frequency 
      1     85.9730 cm^-1  (      2.5774 THz )
      2     85.9730 cm^-1  (      2.5774 THz )
      3    199.8871 cm^-1  (      5.9925 THz )
      4    481.5115 cm^-1  (     14.4354 THz )
      5    497.6640 cm^-1  (     14.9196 THz )
      6    497.6640 cm^-1  (     14.9196 THz )

 # k point   126 : (  0.2300,  0.2300,  0.2300)
   Mode, Frequency 
      1     88.3351 cm^-1  (      2.6482 THz )
      2     88.3351 cm^-1  (      2.6482 THz )
      3    208.3210 cm^-1  (      6.2453 THz )
      4    479.1812 cm^-1  (     14.3655 THz )
      5    496.7815 cm^-1  (     14.8931 THz )
      6    496.7815 cm^-1  (     14.8931 THz )

 # k point   127 : (  0.2400,  0.2400,  0.2400)
   Mode, Frequency 
      1     90.5203 cm^-1  (      2.7137 THz )
      2     90.5203 cm^-1  (      2.7137 THz )
      3    216.6659 cm^-1  (      6.4955 THz )
      4    476.8209 cm^-1  (     14.2947 THz )
      5    495.9350 cm^-1  (     14.8678 THz )
      6    495.9350 cm^-1  (     14.8678 THz )

 # k point   128 : (  0.2500,  0.2500,  0.2500)
   Mode, Frequency 
      1     92.5288 cm^-1  (      2.7739 THz )
      2     92.5288 cm^-1  (      2.7739 THz )
      3    224.9170 cm^-1  (      6.7428 THz )
      4    474.4338 cm^-1  (     14.2232 THz )
      5    495.1300 cm^-1  (     14.8436 THz )
      6    495.1300 cm^-1  (     14.8436 THz )

 # k point   129 : (  0.2600,  0.2600,  0.2600)
   Mode, Frequency 
      1     94.3622 cm^-1  (      2.8289 THz )
      2     94.3622 cm^-1  (      2.8289 THz )
      3    233.0691 cm^-1  (      6.9872 THz )
      4    472.0224 cm^-1  (     14.1509 THz )
      5    494.3708 cm^-1  (     14.8209 THz )
      6    494.3708 cm^-1  (     14.8209 THz )

 # k point   130 : (  0.2700,  0.2700,  0.2700)
   Mode, Frequency 
      1     96.0230 cm^-1  (      2.8787 THz )
      2     96.0230 cm^-1  (      2.8787 THz )
      3    241.1170 cm^-1  (      7.2285 THz )
      4    469.5883 cm^-1  (     14.0779 THz )
      5    493.6613 cm^-1  (     14.7996 THz )
      6    493.6613 cm^-1  (     14.7996 THz )

 # k point   131 : (  0.2800,  0.2800,  0.2800)
   Mode, Frequency 
      1     97.5151 cm^-1  (      2.9234 THz )
      2     97.5151 cm^-1  (      2.9234 THz )
      3    249.0550 cm^-1  (      7.4665 THz )
      4    467.1321 cm^-1  (     14.0043 THz )
      5    493.0043 cm^-1  (     14.7799 THz )
      6    493.0043 cm^-1  (     14.7799 THz )

 # k point   132 : (  0.2900,  0.2900,  0.2900)
   Mode, Frequency 
      1     98.8437 cm^-1  (      2.9633 THz )
      2     98.8437 cm^-1  (      2.9633 THz )
      3    256.8774 cm^-1  (      7.7010 THz )
      4    464.6537 cm^-1  (     13.9300 THz )
      5    492.4021 cm^-1  (     14.7618 THz )
      6    492.4021 cm^-1  (     14.7618 THz )

 # k point   133 : (  0.3000,  0.3000,  0.3000)
   Mode, Frequency 
      1    100.0150 cm^-1  (      2.9984 THz )
      2    100.0150 cm^-1  (      2.9984 THz )
      3    264.5780 cm^-1  (      7.9318 THz )
      4    462.1523 cm^-1  (     13.8550 THz )
      5    491.8557 cm^-1  (     14.7455 THz )
      6    491.8557 cm^-1  (     14.7455 THz )

 # k point   134 : (  0.3100,  0.3100,  0.3100)
   Mode, Frequency 
      1    101.0363 cm^-1  (      3.0290 THz )
      2    101.0363 cm^-1  (      3.0290 THz )
      3    272.1503 cm^-1  (      8.1589 THz )
      4    459.6263 cm^-1  (     13.7792 THz )
      5    491.3655 cm^-1  (     14.7308 THz )
      6    491.3655 cm^-1  (     14.7308 THz )

 # k point   135 : (  0.3200,  0.3200,  0.3200)
   Mode, Frequency 
      1    101.9161 cm^-1  (      3.0554 THz )
      2    101.9161 cm^-1  (      3.0554 THz )
      3    279.5877 cm^-1  (      8.3818 THz )
      4    457.0734 cm^-1  (     13.7027 THz )
      5    490.9309 cm^-1  (     14.7177 THz )
      6    490.9309 cm^-1  (     14.7177 THz )

 # k point   136 : (  0.3300,  0.3300,  0.3300)
   Mode, Frequency 
      1    102.6635 cm^-1  (      3.0778 THz )
      2    102.6635 cm^-1  (      3.0778 THz )
      3    286.8830 cm^-1  (      8.6005 THz )
      4    454.4909 cm^-1  (     13.6253 THz )
      5    490.5507 cm^-1  (     14.7063 THz )
      6    490.5507 cm^-1  (     14.7063 THz )

 # k point   137 : (  0.3400,  0.3400,  0.3400)
   Mode, Frequency 
      1    103.2883 cm^-1  (      3.0965 THz )
      2    103.2883 cm^-1  (      3.0965 THz )
      3    294.0287 cm^-1  (      8.8148 THz )
      4    451.8760 cm^-1  (     13.5469 THz )
      5    490.2228 cm^-1  (     14.6965 THz )
      6    490.2228 cm^-1  (     14.6965 THz )

 # k point   138 : (  0.3500,  0.3500,  0.3500)
   Mode, Frequency 
      1    103.8012 cm^-1  (      3.1119 THz )
      2    103.8012 cm^-1  (      3.1119 THz )
      3    301.0166 cm^-1  (      9.0243 THz )
      4    449.2254 cm^-1  (     13.4674 THz )
      5    489.9445 cm^-1  (     14.6882 THz )
      6    489.9445 cm^-1  (     14.6882 THz )

 # k point   139 : (  0.3600,  0.3600,  0.3600)
   Mode, Frequency 
      1    104.2129 cm^-1  (      3.1242 THz )
      2    104.2129 cm^-1  (      3.1242 THz )
      3    307.8380 cm^-1  (      9.2288 THz )
      4    446.5363 cm^-1  (     13.3868 THz )
      5    489.7125 cm^-1  (     14.6812 THz )
      6    489.7125 cm^-1  (     14.6812 THz )

 # k point   140 : (  0.3700,  0.3700,  0.3700)
   Mode, Frequency 
      1    104.5347 cm^-1  (      3.1339 THz )
      2    104.5347 cm^-1  (      3.1339 THz )
      3    314.4834 cm^-1  (      9.4280 THz )
      4    443.8065 cm^-1  (     13.3050 THz )
      5    489.5230 cm^-1  (     14.6755 THz )
      6    489.5230 cm^-1  (     14.6755 THz )

 # k point   141 : (  0.3800,  0.3800,  0.3800)
   Mode, Frequency 
      1    104.7778 cm^-1  (      3.1412 THz )
      2    104.7778 cm^-1  (      3.1412 THz )
      3    320.9420 cm^-1  (      9.6216 THz )
      4    441.0346 cm^-1  (     13.2219 THz )
      5    489.3720 cm^-1  (     14.6710 THz )
      6    489.3720 cm^-1  (     14.6710 THz )

 # k point   142 : (  0.3900,  0.3900,  0.3900)
   Mode, Frequency 
      1    104.9532 cm^-1  (      3.1464 THz )
      2    104.9532 cm^-1  (      3.1464 THz )
      3    327.2013 cm^-1  (      9.8092 THz )
      4    438.2211 cm^-1  (     13.1375 THz )
      5    489.2550 cm^-1  (     14.6675 THz )
      6    489.2550 cm^-1  (     14.6675 THz )

 # k point   143 : (  0.4000,  0.4000,  0.4000)
   Mode, Frequency 
      1    105.0719 cm^-1  (      3.1500 THz )
      2    105.0719 cm^-1  (      3.1500 THz )
      3    333.2464 cm^-1  (      9.9905 THz )
      4    435.3688 cm^-1  (     13.0520 THz )
      5    489.1676 cm^-1  (     14.6649 THz )
      6    489.1676 cm^-1  (     14.6649 THz )

 # k point   144 : (  0.4100,  0.4100,  0.4100)
   Mode, Frequency 
      1    105.1442 cm^-1  (      3.1521 THz )
      2    105.1442 cm^-1  (      3.1521 THz )
      3    339.0592 cm^-1  (     10.1647 THz )
      4    432.4847 cm^-1  (     12.9656 THz )
      5    489.1053 cm^-1  (     14.6630 THz )
      6    489.1053 cm^-1  (     14.6630 THz )

 # k point   145 : (  0.4200,  0.4200,  0.4200)
   Mode, Frequency 
      1    105.1801 cm^-1  (      3.1532 THz )
      2    105.1801 cm^-1  (      3.1532 THz )
      3    344.6161 cm^-1  (     10.3313 THz )
      4    429.5810 cm^-1  (     12.8785 THz )
      5    489.0635 cm^-1  (     14.6618 THz )
      6    489.0635 cm^-1  (     14.6618 THz )

 # k point   146 : (  0.4300,  0.4300,  0.4300)
   Mode, Frequency 
      1    105.1888 cm^-1  (      3.1535 THz )
      2    105.1888 cm^-1  (      3.1535 THz )
      3    349.8859 cm^-1  (     10.4893 THz )
      4    426.6788 cm^-1  (     12.7915 THz )
      5    489.0380 cm^-1  (     14.6610 THz )
      6    489.0380 cm^-1  (     14.6610 THz )

 # k point   147 : (  0.4400,  0.4400,  0.4400)
   Mode, Frequency 
      1    105.1784 cm^-1  (      3.1532 THz )
      2    105.1784 cm^-1  (      3.1532 THz )
      3    354.8258 cm^-1  (     10.6374 THz )
      4    423.8115 cm^-1  (     12.7056 THz )
      5    489.0248 cm^-1  (     14.6606 THz )
      6    489.0248 cm^-1  (     14.6606 THz )

 # k point   148 : (  0.4500,  0.4500,  0.4500)
   Mode, Frequency 
      1    105.1566 cm^-1  (      3.1525 THz )
      2    105.1566 cm^-1  (      3.1525 THz )
      3    359.3748 cm^-1  (     10.7738 THz )
      4    421.0314 cm^-1  (     12.6222 THz )
      5    489.0202 cm^-1  (     14.6605 THz )
      6    489.0202 cm^-1  (     14.6605 THz )

 # k point   149 : (  0.4600,  0.4600,  0.4600)
   Mode, Frequency 
      1    105.1298 cm^-1  (      3.1517 THz )
      2    105.1298 cm^-1  (      3.1517 THz )
      3    363.4461 cm^-1  (     10.8958 THz )
      4    418.4179 cm^-1  (     12.5439 THz )
      5    489.0211 cm^-1  (     14.6605 THz )
      6    489.0211 cm^-1  (     14.6605 THz )

 # k point   150 : (  0.4700,  0.4700,  0.4700)
   Mode, Frequency 
      1    105.1033 cm^-1  (      3.1509 THz )
      2    105.1033 cm^-1  (      3.1509 THz )
      3    366.9162 cm^-1  (     10.9999 THz )
      4    416.0883 cm^-1  (     12.4740 THz )
      5    489.0248 cm^-1  (     14.6606 THz )
      6    489.0248 cm^-1  (     14.6606 THz )

 # k point   151 : (  0.4800,  0.4800,  0.4800)
   Mode, Frequency 
      1    105.0812 cm^-1  (      3.1503 THz )
      2    105.0812 cm^-1  (      3.1503 THz )
      3    369.6193 cm^-1  (     11.0809 THz )
      4    414.2035 cm^-1  (     12.4175 THz )
      5    489.0289 cm^-1  (     14.6607 THz )
      6    489.0289 cm^-1  (     14.6607 THz )

 # k point   152 : (  0.4900,  0.4900,  0.4900)
   Mode, Frequency 
      1    105.0668 cm^-1  (      3.1498 THz )
      2    105.0668 cm^-1  (      3.1498 THz )
      3    371.3600 cm^-1  (     11.1331 THz )
      4    412.9552 cm^-1  (     12.3801 THz )
      5    489.0321 cm^-1  (     14.6608 THz )
      6    489.0321 cm^-1  (     14.6608 THz )

 # k point   153 : (  0.5000,  0.5000,  0.5000)
   Mode, Frequency 
      1    105.0618 cm^-1  (      3.1497 THz )
      2    105.0618 cm^-1  (      3.1497 THz )
      3    371.9642 cm^-1  (     11.1512 THz )
      4    412.5153 cm^-1  (     12.3669 THz )
      5    489.0332 cm^-1  (     14.6608 THz )
      6    489.0332 cm^-1  (     14.6608 THz )


 -----------------------------------------------------------------

 The following files are created: 
  Si.bands       : Phonon band structure

 Job finished at Sun Aug  4 23:32:30 2024

