 +-----------------------------------------------------------------+
 +                         Program ANPHON                          +
 +                             Ver.  1.5.0                         +
 +-----------------------------------------------------------------+

 Job started at Sun Aug  4 23:52:34 2024

 The number of MPI processes: 1
 The number of OpenMP threads: 12


 Input variables:
 -----------------------------------------------------------------
 General:
  PREFIX = STO_scph2-2
  MODE = SCPH
  FCSXML = STO_anharm.xml

  NKD = 3; KD =   Sr  Ti   O
  MASS = 
  NSYM = 0; TOLERANCE = 0.001; PRINTSYM = 0

  NONANALYTIC = 3
  BORNINFO = BORN; NA_SIGMA = 0.1

  TMIN = 0; TMAX = 1000; DT = 50
  EMIN = 0; EMAX = 1000; DELTA_E = 1

  ISMEAR = -1; EPSILON = 10

  CLASSICAL = 0
  BCONNECT = 0

 Scph:
  KMESH_INTERPOLATE =     2    2    2
  KMESH_SCPH        =     2    2    2
  SELF_OFFDIAG = 0
  IALGO = 0

  RESTART_SCPH = 0
  LOWER_TEMP = 1
  WARMSTART = 1

  TOL_SCPH = 1e-10
  MAXITER = 500
  MIXALPHA = 0.2

  RELAX_STR = 0

 Kpoint:
  KPMODE (1st entry for &kpoint) = 1


 Analysis:


 -----------------------------------------------------------------

                        MODE = SCPH                          
                                                             
      Self-consistent phonon calculation to estimate         
      anharmonic phonon frequencies.                         
      Harmonic and quartic force constants will be used.     

 -----------------------------------------------------------------

 Crystal structure
 =================

 Lattice Vectors:

 * Supercell (from STO_anharm.xml )

    1.472600e+01   0.000000e+00   0.000000e+00 : a1
    0.000000e+00   1.472600e+01   0.000000e+00 : a2
    0.000000e+00   0.000000e+00   1.472600e+01 : a3

    4.266729e-01   0.000000e+00   0.000000e+00 : b1
    0.000000e+00   4.266729e-01   0.000000e+00 : b2
    0.000000e+00   0.000000e+00   4.266729e-01 : b3

 * Primitive cell 

    7.363000e+00   0.000000e+00   0.000000e+00 : a1
    0.000000e+00   7.363000e+00   0.000000e+00 : a2
    0.000000e+00   0.000000e+00   7.363000e+00 : a3

    8.533458e-01   0.000000e+00   0.000000e+00 : b1
    0.000000e+00   8.533458e-01   0.000000e+00 : b2
    0.000000e+00   0.000000e+00   8.533458e-01 : b3


  Volume of the primitive cell : 3.991760e+02 (a.u.)^3

  Number of atoms in the supercell     : 40
  Number of atoms in the primitive cell: 5

  Atomic positions in the primitive cell (fractional):
   1:   0.000000e+00   0.000000e+00   0.000000e+00  Sr
   2:   5.000000e-01   5.000000e-01   5.000000e-01  Ti
   3:   0.000000e+00   5.000000e-01   5.000000e-01   O
   4:   5.000000e-01   0.000000e+00   5.000000e-01   O
   5:   5.000000e-01   5.000000e-01   0.000000e+00   O

  Mass of atomic species (u):
  Sr:   87.620000
  Ti:   47.867000
   O:   15.999400


 Symmetry
 ========

  NSYM = 0 is given: Trying to find symmetry operations.

  Number of symmetry operations : 48
 k points
 ========

  KPMODE = 1: Band structure calculation
  Number of paths : 5

  List of k paths : 
   1:  G (  0.0000  0.0000  0.0000)  X (  0.5000  0.0000  0.0000)  51
   2:  X (  0.5000  0.0000  0.0000)  M (  0.5000  0.5000  0.0000)  51
   3:  M (  0.5000  0.5000  0.0000)  G (  0.0000  0.0000  0.0000)  51
   4:  G (  0.0000  0.0000  0.0000)  R (  0.5000  0.5000  0.5000)  51
   5:  R (  0.5000  0.5000  0.5000)  M (  0.5000  0.5000  0.0000)  51

  Number of k points : 255

 Force constant
 ==============

  Reading force constants from the XML file ... done !
  Number of non-zero IFCs for 2 order: 1593
  Number of non-zero IFCs for 3 order: 143628
  Number of non-zero IFCs for 4 order: 2442555

  Maximum deviation from the translational invariance: 
   Order 2 :   1.4555e-16
   Order 3 :   3.2786e-16
   Order 4 :   2.7200e-15


 Dynamical matrix
 ================

  NONANALYTIC = 3 : Non-analytic part of the dynamical matrix will be included 
                    by the Ewald method.

  Dielectric constants and Born effective charges are read from BORN.

  Dielectric constant tensor in Cartesian coordinate : 
     6.3514e+00     0.0000e+00    -0.0000e+00
     0.0000e+00     6.3514e+00     0.0000e+00
    -0.0000e+00     0.0000e+00     6.3514e+00

  Born effective charge tensor in Cartesian coordinate
  Atom    1( Sr) :
       2.552785       0.000000      -0.000000
       0.000000       2.552785      -0.000000
      -0.000000       0.000000       2.552785
  Atom    2( Ti) :
       7.348792       0.000000       0.000000
       0.000000       7.348792      -0.000000
      -0.000000       0.000000       7.348792
  Atom    3(  O) :
      -5.821233      -0.000000       0.000000
       0.000000      -2.040172       0.000000
       0.000000       0.000000      -2.040172
  Atom    4(  O) :
      -2.040172       0.000000       0.000000
      -0.000000      -5.821233       0.000000
      -0.000000       0.000000      -2.040172
  Atom    5(  O) :
      -2.040172      -0.000000       0.000000
       0.000000      -2.040172       0.000000
       0.000000      -0.000000      -5.821233

 -----------------------------------------------------------------


 ISMEAR = -1: Tetrahedron method will be used.


  Preparing for the Ewald summation ...

  Inverse dielectric tensor : 
   1.574459e-01  -0.000000e+00   0.000000e+00
  -0.000000e+00   1.574459e-01  -0.000000e+00
   0.000000e+00  -0.000000e+00   1.574459e-01

  Determinant of epsilon:    2.562160e+02

  Parameters for the Ewald summation :
  - Force constant
    Lambda :    3.378766e-01
    Lmax   :    3.920801e+01
    Gmax   :    1.409458e+00
    Maximum number of real-space cells :   3x  3x  3
    Maximum number of reciprocal cells :   4x  4x  4

  - Dynamical matrix
    Lambda :    6.757532e-01
    Lmax   :    1.960400e+01
    Gmax   :    2.818916e+00
    Maximum number of real-space cells :   3x  3x  3
    Maximum number of reciprocal cells :   4x  4x  4

 Calculating long-range (dipole-dipole) FCs in the supercell ... done.
 Now, move on to phonon calculations.

 Diagonalizing dynamical matrices for all k points ... done!
 Setting up the SCPH calculations ...

  Gamma-centered uniform grid with the following mesh density:
  nk1:    2
  nk2:    2
  nk3:    2

  Number of k points : 8
  Number of irreducible k points : 4

  Fourier interpolation from reciprocal to real space
  will be performed with the following mesh density:
  nk1:    2
  nk2:    2
  nk3:    2

  Number of k points : 8
  Number of irreducible k points : 4

 Diagonalizing dynamical matrices for all k points ... done !
 Preparing for calculating V4  ... done!
 SELF_OFFDIAG = 0: Calculating diagonal components of v4_array ...  done !

 Time Elapsed: 1.616212e+01 sec.

 Temperature = 1.000000e+03 K
  SCPH ITER     1 :  DIFF = N/A
  SCPH ITER     2 :  DIFF =    2.115014e-04
  SCPH ITER     3 :  DIFF =    1.974280e-04
  SCPH ITER     4 :  DIFF =    1.668108e-04
  SCPH ITER     5 :  DIFF =    1.417948e-04
  SCPH ITER     6 :  DIFF =    1.186596e-04
  SCPH ITER     7 :  DIFF =    9.920741e-05
  SCPH ITER     8 :  DIFF =    8.207989e-05
  SCPH ITER     9 :  DIFF =    6.648007e-05
  SCPH ITER    10 :  DIFF =    5.351251e-05
  SCPH ITER    11 :  DIFF =    4.084573e-05
  SCPH ITER    12 :  DIFF =    3.263732e-05
  SCPH ITER    13 :  DIFF =    2.463410e-05
  SCPH ITER    14 :  DIFF =    1.806365e-05
  SCPH ITER    15 :  DIFF =    1.294233e-05
  SCPH ITER    16 :  DIFF =    8.945923e-06
  SCPH ITER    17 :  DIFF =    6.119208e-06
  SCPH ITER    18 :  DIFF =    4.092747e-06
  SCPH ITER    19 :  DIFF =    2.711820e-06
  SCPH ITER    20 :  DIFF =    1.792537e-06
  SCPH ITER    21 :  DIFF =    1.189930e-06
  SCPH ITER    22 :  DIFF =    7.981603e-07
  SCPH ITER    23 :  DIFF =    5.438863e-07
  SCPH ITER    24 :  DIFF =    3.780452e-07
  SCPH ITER    25 :  DIFF =    2.686178e-07
  SCPH ITER    26 :  DIFF =    1.950992e-07
  SCPH ITER    27 :  DIFF =    1.445549e-07
  SCPH ITER    28 :  DIFF =    1.089111e-07
  SCPH ITER    29 :  DIFF =    8.314286e-08
  SCPH ITER    30 :  DIFF =    6.410075e-08
  SCPH ITER    31 :  DIFF =    4.977494e-08
  SCPH ITER    32 :  DIFF =    3.884806e-08
  SCPH ITER    33 :  DIFF =    3.042878e-08
  SCPH ITER    34 :  DIFF =    2.389427e-08
  SCPH ITER    35 :  DIFF =    1.879647e-08
  SCPH ITER    36 :  DIFF =    1.480510e-08
  SCPH ITER    37 :  DIFF =    1.167206e-08
  SCPH ITER    38 :  DIFF =    9.208320e-09
  SCPH ITER    39 :  DIFF =    7.268394e-09
  SCPH ITER    40 :  DIFF =    5.739465e-09
  SCPH ITER    41 :  DIFF =    4.533610e-09
  SCPH ITER    42 :  DIFF =    3.582047e-09
  SCPH ITER    43 :  DIFF =    2.830838e-09
  SCPH ITER    44 :  DIFF =    2.237598e-09
  SCPH ITER    45 :  DIFF =    1.768983e-09
  SCPH ITER    46 :  DIFF =    1.398721e-09
  SCPH ITER    47 :  DIFF =    1.106109e-09
  SCPH ITER    48 :  DIFF =    8.748280e-10
  SCPH ITER    49 :  DIFF =    6.920077e-10
  SCPH ITER    50 :  DIFF =    5.474388e-10
  SCPH ITER    51 :  DIFF =    4.331216e-10
  SCPH ITER    52 :  DIFF =    3.427253e-10
  SCPH ITER    53 :  DIFF =    2.713107e-10
  SCPH ITER    54 :  DIFF =    2.147065e-10
  SCPH ITER    55 :  DIFF =    1.699130e-10
  SCPH ITER    56 :  DIFF =    1.345702e-10
  SCPH ITER    57 :  DIFF =    1.064907e-10
  SCPH ITER    58 :  DIFF =    8.430965e-11
  DIFF < SCPH_TOL : break SCPH loop
 Temp = 1.000000e+03 : convergence achieved in    58 iterations.
 Temperature = 9.500000e+02 K
  SCPH ITER     1 :  DIFF = N/A
  SCPH ITER     2 :  DIFF =    2.435479e-06
  SCPH ITER     3 :  DIFF =    1.580408e-06
  SCPH ITER     4 :  DIFF =    1.038274e-06
  SCPH ITER     5 :  DIFF =    6.889800e-07
  SCPH ITER     6 :  DIFF =    4.611288e-07
  SCPH ITER     7 :  DIFF =    3.109588e-07
  SCPH ITER     8 :  DIFF =    2.110914e-07
  SCPH ITER     9 :  DIFF =    1.441397e-07
  SCPH ITER    10 :  DIFF =    9.892867e-08
  SCPH ITER    11 :  DIFF =    6.820029e-08
  SCPH ITER    12 :  DIFF =    4.719540e-08
  SCPH ITER    13 :  DIFF =    3.276529e-08
  SCPH ITER    14 :  DIFF =    2.280931e-08
  SCPH ITER    15 :  DIFF =    1.591505e-08
  SCPH ITER    16 :  DIFF =    1.112624e-08
  SCPH ITER    17 :  DIFF =    7.791271e-09
  SCPH ITER    18 :  DIFF =    5.463764e-09
  SCPH ITER    19 :  DIFF =    3.836437e-09
  SCPH ITER    20 :  DIFF =    2.696920e-09
  SCPH ITER    21 :  DIFF =    1.897947e-09
  SCPH ITER    22 :  DIFF =    1.337114e-09
  SCPH ITER    23 :  DIFF =    9.430464e-10
  SCPH ITER    24 :  DIFF =    6.658943e-10
  SCPH ITER    25 :  DIFF =    4.708026e-10
  SCPH ITER    26 :  DIFF =    3.333419e-10
  SCPH ITER    27 :  DIFF =    2.364417e-10
  SCPH ITER    28 :  DIFF =    1.680385e-10
  SCPH ITER    29 :  DIFF =    1.195875e-10
  SCPH ITER    30 :  DIFF =    8.538511e-11
  DIFF < SCPH_TOL : break SCPH loop
 Temp = 9.500000e+02 : convergence achieved in    30 iterations.
 Temperature = 9.000000e+02 K
  SCPH ITER     1 :  DIFF = N/A
  SCPH ITER     2 :  DIFF =    2.531013e-06
  SCPH ITER     3 :  DIFF =    1.634823e-06
  SCPH ITER     4 :  DIFF =    1.070355e-06
  SCPH ITER     5 :  DIFF =    7.084843e-07
  SCPH ITER     6 :  DIFF =    4.733417e-07
  SCPH ITER     7 :  DIFF =    3.188259e-07
  SCPH ITER     8 :  DIFF =    2.162940e-07
  SCPH ITER     9 :  DIFF =    1.476606e-07
  SCPH ITER    10 :  DIFF =    1.013571e-07
  SCPH ITER    11 :  DIFF =    6.990011e-08
  SCPH ITER    12 :  DIFF =    4.839801e-08
  SCPH ITER    13 :  DIFF =    3.362241e-08
  SCPH ITER    14 :  DIFF =    2.342304e-08
  SCPH ITER    15 :  DIFF =    1.635570e-08
  SCPH ITER    16 :  DIFF =    1.144303e-08
  SCPH ITER    17 :  DIFF =    8.019107e-09
  SCPH ITER    18 :  DIFF =    5.627581e-09
  SCPH ITER    19 :  DIFF =    3.954149e-09
  SCPH ITER    20 :  DIFF =    2.781434e-09
  SCPH ITER    21 :  DIFF =    1.958570e-09
  SCPH ITER    22 :  DIFF =    1.380559e-09
  SCPH ITER    23 :  DIFF =    9.741466e-10
  SCPH ITER    24 :  DIFF =    6.881458e-10
  SCPH ITER    25 :  DIFF =    4.866931e-10
  SCPH ITER    26 :  DIFF =    3.446930e-10
  SCPH ITER    27 :  DIFF =    2.444807e-10
  SCPH ITER    28 :  DIFF =    1.737201e-10
  SCPH ITER    29 :  DIFF =    1.236955e-10
  SCPH ITER    30 :  DIFF =    8.826991e-11
  DIFF < SCPH_TOL : break SCPH loop
 Temp = 9.000000e+02 : convergence achieved in    30 iterations.
 Temperature = 8.500000e+02 K
  SCPH ITER     1 :  DIFF = N/A
  SCPH ITER     2 :  DIFF =    2.638812e-06
  SCPH ITER     3 :  DIFF =    1.695164e-06
  SCPH ITER     4 :  DIFF =    1.105411e-06
  SCPH ITER     5 :  DIFF =    7.295420e-07
  SCPH ITER     6 :  DIFF =    4.864063e-07
  SCPH ITER     7 :  DIFF =    3.271902e-07
  SCPH ITER     8 :  DIFF =    2.218083e-07
  SCPH ITER     9 :  DIFF =    1.513902e-07
  SCPH ITER    10 :  DIFF =    1.039328e-07
  SCPH ITER    11 :  DIFF =    7.170735e-08
  SCPH ITER    12 :  DIFF =    4.968040e-08
  SCPH ITER    13 :  DIFF =    3.453915e-08
  SCPH ITER    14 :  DIFF =    2.408136e-08
  SCPH ITER    15 :  DIFF =    1.682959e-08
  SCPH ITER    16 :  DIFF =    1.178449e-08
  SCPH ITER    17 :  DIFF =    8.265161e-09
  SCPH ITER    18 :  DIFF =    5.804794e-09
  SCPH ITER    19 :  DIFF =    4.081673e-09
  SCPH ITER    20 :  DIFF =    2.873110e-09
  SCPH ITER    21 :  DIFF =    2.024401e-09
  SCPH ITER    22 :  DIFF =    1.427777e-09
  SCPH ITER    23 :  DIFF =    1.007980e-09
  SCPH ITER    24 :  DIFF =    7.123524e-10
  SCPH ITER    25 :  DIFF =    5.040047e-10
  SCPH ITER    26 :  DIFF =    3.570642e-10
  SCPH ITER    27 :  DIFF =    2.533201e-10
  SCPH ITER    28 :  DIFF =    1.800345e-10
  SCPH ITER    29 :  DIFF =    1.282085e-10
  SCPH ITER    30 :  DIFF =    9.151142e-11
  DIFF < SCPH_TOL : break SCPH loop
 Temp = 8.500000e+02 : convergence achieved in    30 iterations.
 Temperature = 8.000000e+02 K
  SCPH ITER     1 :  DIFF = N/A
  SCPH ITER     2 :  DIFF =    2.761664e-06
  SCPH ITER     3 :  DIFF =    1.762546e-06
  SCPH ITER     4 :  DIFF =    1.143889e-06
  SCPH ITER     5 :  DIFF =    7.503859e-07
  SCPH ITER     6 :  DIFF =    5.003905e-07
  SCPH ITER     7 :  DIFF =    3.360800e-07
  SCPH ITER     8 :  DIFF =    2.276491e-07
  SCPH ITER     9 :  DIFF =    1.553394e-07
  SCPH ITER    10 :  DIFF =    1.066654e-07
  SCPH ITER    11 :  DIFF =    7.363063e-08
  SCPH ITER    12 :  DIFF =    5.105009e-08
  SCPH ITER    13 :  DIFF =    3.552188e-08
  SCPH ITER    14 :  DIFF =    2.478944e-08
  SCPH ITER    15 :  DIFF =    1.734082e-08
  SCPH ITER    16 :  DIFF =    1.215380e-08
  SCPH ITER    17 :  DIFF =    8.531859e-09
  SCPH ITER    18 :  DIFF =    5.997228e-09
  SCPH ITER    19 :  DIFF =    4.220367e-09
  SCPH ITER    20 :  DIFF =    2.972944e-09
  SCPH ITER    21 :  DIFF =    2.096177e-09
  SCPH ITER    22 :  DIFF =    1.479320e-09
  SCPH ITER    23 :  DIFF =    1.044951e-09
  SCPH ITER    24 :  DIFF =    7.388418e-10
  SCPH ITER    25 :  DIFF =    5.229519e-10
  SCPH ITER    26 :  DIFF =    3.705956e-10
  SCPH ITER    27 :  DIFF =    2.629953e-10
  SCPH ITER    28 :  DIFF =    1.869028e-10
  SCPH ITER    29 :  DIFF =    1.330897e-10
  SCPH ITER    30 :  DIFF =    9.495881e-11
  DIFF < SCPH_TOL : break SCPH loop
 Temp = 8.000000e+02 : convergence achieved in    30 iterations.
 Temperature = 7.500000e+02 K
  SCPH ITER     1 :  DIFF = N/A
  SCPH ITER     2 :  DIFF =    2.903325e-06
  SCPH ITER     3 :  DIFF =    1.838406e-06
  SCPH ITER     4 :  DIFF =    1.186336e-06
  SCPH ITER     5 :  DIFF =    7.770414e-07
  SCPH ITER     6 :  DIFF =    5.153636e-07
  SCPH ITER     7 :  DIFF =    3.455207e-07
  SCPH ITER     8 :  DIFF =    2.338295e-07
  SCPH ITER     9 :  DIFF =    1.595191e-07
  SCPH ITER    10 :  DIFF =    1.095654e-07
  SCPH ITER    11 :  DIFF =    7.568026e-08
  SCPH ITER    12 :  DIFF =    5.251643e-08
  SCPH ITER    13 :  DIFF =    3.657858e-08
  SCPH ITER    14 :  DIFF =    2.555383e-08
  SCPH ITER    15 :  DIFF =    1.789456e-08
  SCPH ITER    16 :  DIFF =    1.255496e-08
  SCPH ITER    17 :  DIFF =    8.822253e-09
  SCPH ITER    18 :  DIFF =    6.207179e-09
  SCPH ITER    19 :  DIFF =    4.371943e-09
  SCPH ITER    20 :  DIFF =    3.082217e-09
  SCPH ITER    21 :  DIFF =    2.174838e-09
  SCPH ITER    22 :  DIFF =    1.535867e-09
  SCPH ITER    23 :  DIFF =    1.085547e-09
  SCPH ITER    24 :  DIFF =    7.679499e-10
  SCPH ITER    25 :  DIFF =    5.438225e-10
  SCPH ITER    26 :  DIFF =    3.855150e-10
  SCPH ITER    27 :  DIFF =    2.736688e-10
  SCPH ITER    28 :  DIFF =    1.945397e-10
  SCPH ITER    29 :  DIFF =    1.385083e-10
  SCPH ITER    30 :  DIFF =    9.882618e-11
  DIFF < SCPH_TOL : break SCPH loop
 Temp = 7.500000e+02 : convergence achieved in    30 iterations.
 Temperature = 7.000000e+02 K
  SCPH ITER     1 :  DIFF = N/A
  SCPH ITER     2 :  DIFF =    3.068945e-06
  SCPH ITER     3 :  DIFF =    1.924600e-06
  SCPH ITER     4 :  DIFF =    1.233404e-06
  SCPH ITER     5 :  DIFF =    8.038917e-07
  SCPH ITER     6 :  DIFF =    5.313816e-07
  SCPH ITER     7 :  DIFF =    3.555240e-07
  SCPH ITER     8 :  DIFF =    2.403541e-07
  SCPH ITER     9 :  DIFF =    1.639363e-07
  SCPH ITER    10 :  DIFF =    1.126428e-07
  SCPH ITER    11 :  DIFF =    7.786730e-08
  SCPH ITER    12 :  DIFF =    5.409010e-08
  SCPH ITER    13 :  DIFF =    3.771866e-08
  SCPH ITER    14 :  DIFF =    2.638233e-08
  SCPH ITER    15 :  DIFF =    1.849708e-08
  SCPH ITER    16 :  DIFF =    1.299285e-08
  SCPH ITER    17 :  DIFF =    9.140061e-09
  SCPH ITER    18 :  DIFF =    6.437453e-09
  SCPH ITER    19 :  DIFF =    4.538503e-09
  SCPH ITER    20 :  DIFF =    3.202483e-09
  SCPH ITER    21 :  DIFF =    2.261540e-09
  SCPH ITER    22 :  DIFF =    1.598276e-09
  SCPH ITER    23 :  DIFF =    1.130409e-09
  SCPH ITER    24 :  DIFF =    8.001565e-10
  SCPH ITER    25 :  DIFF =    5.669325e-10
  SCPH ITER    26 :  DIFF =    4.021000e-10
  SCPH ITER    27 :  DIFF =    2.854909e-10
  SCPH ITER    28 :  DIFF =    2.029741e-10
  SCPH ITER    29 :  DIFF =    1.445663e-10
  SCPH ITER    30 :  DIFF =    1.031327e-10
  SCPH ITER    31 :  DIFF =    7.374062e-11
  DIFF < SCPH_TOL : break SCPH loop
 Temp = 7.000000e+02 : convergence achieved in    31 iterations.
 Temperature = 6.500000e+02 K
  SCPH ITER     1 :  DIFF = N/A
  SCPH ITER     2 :  DIFF =    3.265783e-06
  SCPH ITER     3 :  DIFF =    2.023570e-06
  SCPH ITER     4 :  DIFF =    1.285873e-06
  SCPH ITER     5 :  DIFF =    8.330830e-07
  SCPH ITER     6 :  DIFF =    5.484705e-07
  SCPH ITER     7 :  DIFF =    3.660772e-07
  SCPH ITER     8 :  DIFF =    2.472134e-07
  SCPH ITER     9 :  DIFF =    1.685920e-07
  SCPH ITER    10 :  DIFF =    1.159063e-07
  SCPH ITER    11 :  DIFF =    8.020386e-08
  SCPH ITER    12 :  DIFF =    5.578365e-08
  SCPH ITER    13 :  DIFF =    3.895353e-08
  SCPH ITER    14 :  DIFF =    2.728456e-08
  SCPH ITER    15 :  DIFF =    1.915607e-08
  SCPH ITER    16 :  DIFF =    1.347347e-08
  SCPH ITER    17 :  DIFF =    9.489890e-09
  SCPH ITER    18 :  DIFF =    6.691533e-09
  SCPH ITER    19 :  DIFF =    4.722651e-09
  SCPH ITER    20 :  DIFF =    3.335692e-09
  SCPH ITER    21 :  DIFF =    2.357729e-09
  SCPH ITER    22 :  DIFF =    1.667622e-09
  SCPH ITER    23 :  DIFF =    1.180331e-09
  SCPH ITER    24 :  DIFF =    8.360517e-10
  SCPH ITER    25 :  DIFF =    5.926716e-10
  SCPH ITER    26 :  DIFF =    4.205474e-10
  SCPH ITER    27 :  DIFF =    2.987247e-10
  SCPH ITER    28 :  DIFF =    2.125616e-10
  SCPH ITER    29 :  DIFF =    1.514147e-10
  SCPH ITER    30 :  DIFF =    1.079499e-10
  SCPH ITER    31 :  DIFF =    7.717520e-11
  DIFF < SCPH_TOL : break SCPH loop
 Temp = 6.500000e+02 : convergence achieved in    31 iterations.
 Temperature = 6.000000e+02 K
  SCPH ITER     1 :  DIFF = N/A
  SCPH ITER     2 :  DIFF =    3.504362e-06
  SCPH ITER     3 :  DIFF =    2.138541e-06
  SCPH ITER     4 :  DIFF =    1.344631e-06
  SCPH ITER     5 :  DIFF =    8.647634e-07
  SCPH ITER     6 :  DIFF =    5.665842e-07
  SCPH ITER     7 :  DIFF =    3.771161e-07
  SCPH ITER     8 :  DIFF =    2.543688e-07
  SCPH ITER     9 :  DIFF =    1.734734e-07
  SCPH ITER    10 :  DIFF =    1.193595e-07
  SCPH ITER    11 :  DIFF =    8.270153e-08
  SCPH ITER    12 :  DIFF =    5.761095e-08
  SCPH ITER    13 :  DIFF =    4.029638e-08
  SCPH ITER    14 :  DIFF =    2.827183e-08
  SCPH ITER    15 :  DIFF =    1.988075e-08
  SCPH ITER    16 :  DIFF =    1.400406e-08
  SCPH ITER    17 :  DIFF =    9.877299e-09
  SCPH ITER    18 :  DIFF =    6.973641e-09
  SCPH ITER    19 :  DIFF =    4.927577e-09
  SCPH ITER    20 :  DIFF =    3.484227e-09
  SCPH ITER    21 :  DIFF =    2.465184e-09
  SCPH ITER    22 :  DIFF =    1.745228e-09
  SCPH ITER    23 :  DIFF =    1.236294e-09
  SCPH ITER    24 :  DIFF =    8.763485e-10
  SCPH ITER    25 :  DIFF =    6.216584e-10
  SCPH ITER    26 :  DIFF =    4.413830e-10
  SCPH ITER    27 :  DIFF =    3.136547e-10
  SCPH ITER    28 :  DIFF =    2.231600e-10
  SCPH ITER    29 :  DIFF =    1.589726e-10
  SCPH ITER    30 :  DIFF =    1.134738e-10
  SCPH ITER    31 :  DIFF =    8.113250e-11
  DIFF < SCPH_TOL : break SCPH loop
 Temp = 6.000000e+02 : convergence achieved in    31 iterations.
 Temperature = 5.500000e+02 K
  SCPH ITER     1 :  DIFF = N/A
  SCPH ITER     2 :  DIFF =    3.800549e-06
  SCPH ITER     3 :  DIFF =    2.273851e-06
  SCPH ITER     4 :  DIFF =    1.410648e-06
  SCPH ITER     5 :  DIFF =    8.989497e-07
  SCPH ITER     6 :  DIFF =    5.855491e-07
  SCPH ITER     7 :  DIFF =    3.884953e-07
  SCPH ITER     8 :  DIFF =    2.617401e-07
  SCPH ITER     9 :  DIFF =    1.785513e-07
  SCPH ITER    10 :  DIFF =    1.230025e-07
  SCPH ITER    11 :  DIFF =    8.537355e-08
  SCPH ITER    12 :  DIFF =    5.958927e-08
  SCPH ITER    13 :  DIFF =    4.176397e-08
  SCPH ITER    14 :  DIFF =    2.935861e-08
  SCPH ITER    15 :  DIFF =    2.068285e-08
  SCPH ITER    16 :  DIFF =    1.459383e-08
  SCPH ITER    17 :  DIFF =    1.030938e-08
  SCPH ITER    18 :  DIFF =    7.289179e-09
  SCPH ITER    19 :  DIFF =    5.157364e-09
  SCPH ITER    20 :  DIFF =    3.651170e-09
  SCPH ITER    21 :  DIFF =    2.586223e-09
  SCPH ITER    22 :  DIFF =    1.832834e-09
  SCPH ITER    23 :  DIFF =    1.299603e-09
  SCPH ITER    24 :  DIFF =    9.220377e-10
  SCPH ITER    25 :  DIFF =    6.545930e-10
  SCPH ITER    26 :  DIFF =    4.650908e-10
  SCPH ITER    27 :  DIFF =    3.307068e-10
  SCPH ITER    28 :  DIFF =    2.353957e-10
  SCPH ITER    29 :  DIFF =    1.677802e-10
  SCPH ITER    30 :  DIFF =    1.197487e-10
  SCPH ITER    31 :  DIFF =    8.571466e-11
  DIFF < SCPH_TOL : break SCPH loop
 Temp = 5.500000e+02 : convergence achieved in    31 iterations.
 Temperature = 5.000000e+02 K
  SCPH ITER     1 :  DIFF = N/A
  SCPH ITER     2 :  DIFF =    4.179273e-06
  SCPH ITER     3 :  DIFF =    2.435295e-06
  SCPH ITER     4 :  DIFF =    1.484788e-06
  SCPH ITER     5 :  DIFF =    9.353240e-07
  SCPH ITER     6 :  DIFF =    6.049329e-07
  SCPH ITER     7 :  DIFF =    3.999190e-07
  SCPH ITER     8 :  DIFF =    2.691741e-07
  SCPH ITER     9 :  DIFF =    1.837669e-07
  SCPH ITER    10 :  DIFF =    1.268270e-07
  SCPH ITER    11 :  DIFF =    8.823375e-08
  SCPH ITER    12 :  DIFF =    6.173932e-08
  SCPH ITER    13 :  DIFF =    4.337689e-08
  SCPH ITER    14 :  DIFF =    3.056272e-08
  SCPH ITER    15 :  DIFF =    2.157685e-08
  SCPH ITER    16 :  DIFF =    1.525417e-08
  SCPH ITER    17 :  DIFF =    1.079497e-08
  SCPH ITER    18 :  DIFF =    7.644924e-09
  SCPH ITER    19 :  DIFF =    5.417187e-09
  SCPH ITER    20 :  DIFF =    3.840454e-09
  SCPH ITER    21 :  DIFF =    2.723835e-09
  SCPH ITER    22 :  DIFF =    1.932703e-09
  SCPH ITER    23 :  DIFF =    1.371968e-09
  SCPH ITER    24 :  DIFF =    9.744018e-10
  SCPH ITER    25 :  DIFF =    6.924457e-10
  SCPH ITER    26 :  DIFF =    4.923907e-10
  SCPH ITER    27 :  DIFF =    3.503861e-10
  SCPH ITER    28 :  DIFF =    2.495739e-10
  SCPH ITER    29 :  DIFF =    1.779779e-10
  SCPH ITER    30 :  DIFF =    1.270511e-10
  SCPH ITER    31 :  DIFF =    9.097465e-11
  DIFF < SCPH_TOL : break SCPH loop
 Temp = 5.000000e+02 : convergence achieved in    31 iterations.
 Temperature = 4.500000e+02 K
  SCPH ITER     1 :  DIFF = N/A
  SCPH ITER     2 :  DIFF =    4.681826e-06
  SCPH ITER     3 :  DIFF =    2.630408e-06
  SCPH ITER     4 :  DIFF =    1.567289e-06
  SCPH ITER     5 :  DIFF =    9.448348e-07
  SCPH ITER     6 :  DIFF =    6.238093e-07
  SCPH ITER     7 :  DIFF =    4.108327e-07
  SCPH ITER     8 :  DIFF =    2.764038e-07
  SCPH ITER     9 :  DIFF =    1.890209e-07
  SCPH ITER    10 :  DIFF =    1.308155e-07
  SCPH ITER    11 :  DIFF =    9.129814e-08
  SCPH ITER    12 :  DIFF =    6.408686e-08
  SCPH ITER    13 :  DIFF =    4.516075e-08
  SCPH ITER    14 :  DIFF =    3.190625e-08
  SCPH ITER    15 :  DIFF =    2.258070e-08
  SCPH ITER    16 :  DIFF =    1.599929e-08
  SCPH ITER    17 :  DIFF =    1.134514e-08
  SCPH ITER    18 :  DIFF =    8.049476e-09
  SCPH ITER    19 :  DIFF =    5.713696e-09
  SCPH ITER    20 :  DIFF =    4.057215e-09
  SCPH ITER    21 :  DIFF =    2.881963e-09
  SCPH ITER    22 :  DIFF =    2.047856e-09
  SCPH ITER    23 :  DIFF =    1.455702e-09
  SCPH ITER    24 :  DIFF =    1.035209e-09
  SCPH ITER    25 :  DIFF =    7.365397e-10
  SCPH ITER    26 :  DIFF =    5.243239e-10
  SCPH ITER    27 :  DIFF =    3.735122e-10
  SCPH ITER    28 :  DIFF =    2.662647e-10
  SCPH ITER    29 :  DIFF =    1.899948e-10
  SCPH ITER    30 :  DIFF =    1.357261e-10
  SCPH ITER    31 :  DIFF =    9.709625e-11
  DIFF < SCPH_TOL : break SCPH loop
 Temp = 4.500000e+02 : convergence achieved in    31 iterations.
 Temperature = 4.000000e+02 K
  SCPH ITER     1 :  DIFF = N/A
  SCPH ITER     2 :  DIFF =    5.381183e-06
  SCPH ITER     3 :  DIFF =    2.867860e-06
  SCPH ITER     4 :  DIFF =    1.656281e-06
  SCPH ITER     5 :  DIFF =    1.008665e-06
  SCPH ITER     6 :  DIFF =    6.403098e-07
  SCPH ITER     7 :  DIFF =    4.202496e-07
  SCPH ITER     8 :  DIFF =    2.829974e-07
  SCPH ITER     9 :  DIFF =    1.941654e-07
  SCPH ITER    10 :  DIFF =    1.349441e-07
  SCPH ITER    11 :  DIFF =    9.458778e-08
  SCPH ITER    12 :  DIFF =    6.666426e-08
  SCPH ITER    13 :  DIFF =    4.714679e-08
  SCPH ITER    14 :  DIFF =    3.341580e-08
  SCPH ITER    15 :  DIFF =    2.371606e-08
  SCPH ITER    16 :  DIFF =    1.684654e-08
  SCPH ITER    17 :  DIFF =    1.197371e-08
  SCPH ITER    18 :  DIFF =    8.513797e-09
  SCPH ITER    19 :  DIFF =    6.055560e-09
  SCPH ITER    20 :  DIFF =    4.308276e-09
  SCPH ITER    21 :  DIFF =    3.065960e-09
  SCPH ITER    22 :  DIFF =    2.182473e-09
  SCPH ITER    23 :  DIFF =    1.554042e-09
  SCPH ITER    24 :  DIFF =    1.106948e-09
  SCPH ITER    25 :  DIFF =    7.887986e-10
  SCPH ITER    26 :  DIFF =    5.623525e-10
  SCPH ITER    27 :  DIFF =    4.011642e-10
  SCPH ITER    28 :  DIFF =    2.863740e-10
  SCPH ITER    29 :  DIFF =    2.045397e-10
  SCPH ITER    30 :  DIFF =    1.462428e-10
  SCPH ITER    31 :  DIFF =    1.046842e-10
  SCPH ITER    32 :  DIFF =    7.503531e-11
  DIFF < SCPH_TOL : break SCPH loop
 Temp = 4.000000e+02 : convergence achieved in    32 iterations.
 Temperature = 3.500000e+02 K
  SCPH ITER     1 :  DIFF = N/A
  SCPH ITER     2 :  DIFF =    6.417593e-06
  SCPH ITER     3 :  DIFF =    3.152640e-06
  SCPH ITER     4 :  DIFF =    1.743589e-06
  SCPH ITER     5 :  DIFF =    1.036346e-06
  SCPH ITER     6 :  DIFF =    6.508193e-07
  SCPH ITER     7 :  DIFF =    4.265246e-07
  SCPH ITER     8 :  DIFF =    2.883305e-07
  SCPH ITER     9 :  DIFF =    1.990192e-07
  SCPH ITER    10 :  DIFF =    1.391947e-07
  SCPH ITER    11 :  DIFF =    9.813273e-08
  SCPH ITER    12 :  DIFF =    6.950962e-08
  SCPH ITER    13 :  DIFF =    4.936978e-08
  SCPH ITER    14 :  DIFF =    3.512080e-08
  SCPH ITER    15 :  DIFF =    2.500749e-08
  SCPH ITER    16 :  DIFF =    1.781637e-08
  SCPH ITER    17 :  DIFF =    1.269770e-08
  SCPH ITER    18 :  DIFF =    9.051941e-09
  SCPH ITER    19 :  DIFF =    6.454290e-09
  SCPH ITER    20 :  DIFF =    4.602973e-09
  SCPH ITER    21 :  DIFF =    3.283323e-09
  SCPH ITER    22 :  DIFF =    2.342514e-09
  SCPH ITER    23 :  DIFF =    1.671694e-09
  SCPH ITER    24 :  DIFF =    1.193314e-09
  SCPH ITER    25 :  DIFF =    8.521164e-10
  SCPH ITER    26 :  DIFF =    6.087048e-10
  SCPH ITER    27 :  DIFF =    4.350416e-10
  SCPH ITER    28 :  DIFF =    3.110954e-10
  SCPH ITER    29 :  DIFF =    2.225824e-10
  SCPH ITER    30 :  DIFF =    1.594156e-10
  SCPH ITER    31 :  DIFF =    1.142324e-10
  SCPH ITER    32 :  DIFF =    8.199481e-11
  DIFF < SCPH_TOL : break SCPH loop
 Temp = 3.500000e+02 : convergence achieved in    32 iterations.
 Temperature = 3.000000e+02 K
  SCPH ITER     1 :  DIFF = N/A
  SCPH ITER     2 :  DIFF =    8.092898e-06
  SCPH ITER     3 :  DIFF =    3.461633e-06
  SCPH ITER     4 :  DIFF =    1.802410e-06
  SCPH ITER     5 :  DIFF =    1.041014e-06
  SCPH ITER     6 :  DIFF =    6.487979e-07
  SCPH ITER     7 :  DIFF =    4.272743e-07
  SCPH ITER     8 :  DIFF =    2.917043e-07
  SCPH ITER     9 :  DIFF =    2.034432e-07
  SCPH ITER    10 :  DIFF =    1.435742e-07
  SCPH ITER    11 :  DIFF =    1.019638e-07
  SCPH ITER    12 :  DIFF =    7.265191e-08
  SCPH ITER    13 :  DIFF =    5.185541e-08
  SCPH ITER    14 :  DIFF =    3.704542e-08
  SCPH ITER    15 :  DIFF =    2.647828e-08
  SCPH ITER    16 :  DIFF =    1.893089e-08
  SCPH ITER    17 :  DIFF =    1.353742e-08
  SCPH ITER    18 :  DIFF =    9.682002e-09
  SCPH ITER    19 :  DIFF =    6.925534e-09
  SCPH ITER    20 :  DIFF =    4.954517e-09
  SCPH ITER    21 :  DIFF =    3.544987e-09
  SCPH ITER    22 :  DIFF =    2.536893e-09
  SCPH ITER    23 :  DIFF =    1.815830e-09
  SCPH ITER    24 :  DIFF =    1.300012e-09
  SCPH ITER    25 :  DIFF =    9.309695e-10
  SCPH ITER    26 :  DIFF =    6.668998e-10
  SCPH ITER    27 :  DIFF =    4.779260e-10
  SCPH ITER    28 :  DIFF =    3.426591e-10
  SCPH ITER    29 :  DIFF =    2.457841e-10
  SCPH ITER    30 :  DIFF =    1.763951e-10
  SCPH ITER    31 :  DIFF =    1.267024e-10
  SCPH ITER    32 :  DIFF =    9.112379e-11
  DIFF < SCPH_TOL : break SCPH loop
 Temp = 3.000000e+02 : convergence achieved in    32 iterations.
 Temperature = 2.500000e+02 K
  SCPH ITER     1 :  DIFF = N/A
  SCPH ITER     2 :  DIFF =    1.117280e-05
  SCPH ITER     3 :  DIFF =    3.621369e-06
  SCPH ITER     4 :  DIFF =    1.750499e-06
  SCPH ITER     5 :  DIFF =    9.914041e-07
  SCPH ITER     6 :  DIFF =    6.247573e-07
  SCPH ITER     7 :  DIFF =    4.204343e-07
  SCPH ITER     8 :  DIFF =    2.929269e-07
  SCPH ITER     9 :  DIFF =    2.074987e-07
  SCPH ITER    10 :  DIFF =    1.480942e-07
  SCPH ITER    11 :  DIFF =    1.060523e-07
  SCPH ITER    12 :  DIFF =    7.606051e-08
  SCPH ITER    13 :  DIFF =    5.458886e-08
  SCPH ITER    14 :  DIFF =    3.919236e-08
  SCPH ITER    15 :  DIFF =    2.814393e-08
  SCPH ITER    16 :  DIFF =    2.021276e-08
  SCPH ITER    17 :  DIFF =    1.451820e-08
  SCPH ITER    18 :  DIFF =    1.042900e-08
  SCPH ITER    19 :  DIFF =    7.492331e-09
  SCPH ITER    20 :  DIFF =    5.383178e-09
  SCPH ITER    21 :  DIFF =    3.868243e-09
  SCPH ITER    22 :  DIFF =    2.780030e-09
  SCPH ITER    23 :  DIFF =    1.998273e-09
  SCPH ITER    24 :  DIFF =    1.436621e-09
  SCPH ITER    25 :  DIFF =    1.033058e-09
  SCPH ITER    26 :  DIFF =    7.430442e-10
  SCPH ITER    27 :  DIFF =    5.346084e-10
  SCPH ITER    28 :  DIFF =    3.847823e-10
  SCPH ITER    29 :  DIFF =    2.770573e-10
  SCPH ITER    30 :  DIFF =    1.995945e-10
  SCPH ITER    31 :  DIFF =    1.438654e-10
  SCPH ITER    32 :  DIFF =    1.038461e-10
  SCPH ITER    33 :  DIFF =    7.493170e-11
  DIFF < SCPH_TOL : break SCPH loop
 Temp = 2.500000e+02 : convergence achieved in    33 iterations.
 Temperature = 2.000000e+02 K
  SCPH ITER     1 :  DIFF = N/A
  SCPH ITER     2 :  DIFF =    1.818828e-05
  SCPH ITER     3 :  DIFF =    2.658557e-06
  SCPH ITER     4 :  DIFF =    1.352874e-06
  SCPH ITER     5 :  DIFF =    8.433691e-07
  SCPH ITER     6 :  DIFF =    5.769809e-07
  SCPH ITER     7 :  DIFF =    4.089133e-07
  SCPH ITER     8 :  DIFF =    2.933872e-07
  SCPH ITER     9 :  DIFF =    2.114006e-07
  SCPH ITER    10 :  DIFF =    1.525644e-07
  SCPH ITER    11 :  DIFF =    1.101747e-07
  SCPH ITER    12 :  DIFF =    7.958842e-08
  SCPH ITER    13 :  DIFF =    5.750445e-08
  SCPH ITER    14 :  DIFF =    4.155396e-08
  SCPH ITER    15 :  DIFF =    3.003107e-08
  SCPH ITER    16 :  DIFF =    2.170556e-08
  SCPH ITER    17 :  DIFF =    1.568954e-08
  SCPH ITER    18 :  DIFF =    1.134197e-08
  SCPH ITER    19 :  DIFF =    8.199890e-09
  SCPH ITER    20 :  DIFF =    5.928867e-09
  SCPH ITER    21 :  DIFF =    4.287310e-09
  SCPH ITER    22 :  DIFF =    3.100662e-09
  SCPH ITER    23 :  DIFF =    2.242786e-09
  SCPH ITER    24 :  DIFF =    1.622543e-09
  SCPH ITER    25 :  DIFF =    1.174062e-09
  SCPH ITER    26 :  DIFF =    8.497446e-10
  SCPH ITER    27 :  DIFF =    6.151922e-10
  SCPH ITER    28 :  DIFF =    4.455177e-10
  SCPH ITER    29 :  DIFF =    3.227651e-10
  SCPH ITER    30 :  DIFF =    2.340019e-10
  SCPH ITER    31 :  DIFF =    1.696762e-10
  SCPH ITER    32 :  DIFF =    1.231065e-10
  SCPH ITER    33 :  DIFF =    8.940322e-11
  DIFF < SCPH_TOL : break SCPH loop
 Temp = 2.000000e+02 : convergence achieved in    33 iterations.
 Temperature = 1.500000e+02 K
  SCPH ITER     1 :  DIFF = N/A
  SCPH ITER     2 :  DIFF =    4.335272e-05
  SCPH ITER     3 :  DIFF =    7.160555e-06
  SCPH ITER     4 :  DIFF =    3.513557e-06
  SCPH ITER     5 :  DIFF =    1.506408e-06
  SCPH ITER     6 :  DIFF =    7.126053e-07
  SCPH ITER     7 :  DIFF =    4.347762e-07
  SCPH ITER     8 :  DIFF =    3.040756e-07
  SCPH ITER     9 :  DIFF =    2.200545e-07
  SCPH ITER    10 :  DIFF =    1.602916e-07
  SCPH ITER    11 :  DIFF =    1.169058e-07
  SCPH ITER    12 :  DIFF =    8.529217e-08
  SCPH ITER    13 :  DIFF =    6.223909e-08
  SCPH ITER    14 :  DIFF =    4.542400e-08
  SCPH ITER    15 :  DIFF =    3.315680e-08
  SCPH ITER    16 :  DIFF =    2.420613e-08
  SCPH ITER    17 :  DIFF =    1.767445e-08
  SCPH ITER    18 :  DIFF =    1.290743e-08
  SCPH ITER    19 :  DIFF =    9.427872e-09
  SCPH ITER    20 :  DIFF =    6.887758e-09
  SCPH ITER    21 :  DIFF =    5.033206e-09
  SCPH ITER    22 :  DIFF =    3.678994e-09
  SCPH ITER    23 :  DIFF =    2.689983e-09
  SCPH ITER    24 :  DIFF =    1.967554e-09
  SCPH ITER    25 :  DIFF =    1.439747e-09
  SCPH ITER    26 :  DIFF =    1.054039e-09
  SCPH ITER    27 :  DIFF =    7.721013e-10
  SCPH ITER    28 :  DIFF =    5.659495e-10
  SCPH ITER    29 :  DIFF =    4.151509e-10
  SCPH ITER    30 :  DIFF =    3.047920e-10
  SCPH ITER    31 :  DIFF =    2.240033e-10
  SCPH ITER    32 :  DIFF =    1.648180e-10
  SCPH ITER    33 :  DIFF =    1.214168e-10
  SCPH ITER    34 :  DIFF =    8.964121e-11
  DIFF < SCPH_TOL : break SCPH loop
 Temp = 1.500000e+02 : convergence achieved in    34 iterations.
 Temperature = 1.000000e+02 K
  SCPH ITER     1 :  DIFF = N/A
  SCPH ITER     2 :  DIFF =    2.539864e-06
  SCPH ITER     3 :  DIFF =    2.108600e-06
  SCPH ITER     4 :  DIFF =    5.753041e-05
  SCPH ITER     5 :  DIFF =    4.380539e-04
  SCPH ITER     6 :  DIFF =    8.790299e-05
  SCPH ITER     7 :  DIFF =    7.333496e-05
  SCPH ITER     8 :  DIFF =    6.109192e-05
  SCPH ITER     9 :  DIFF =    5.028308e-05
  SCPH ITER    10 :  DIFF =    4.326868e-05
  SCPH ITER    11 :  DIFF =    3.585376e-05
  SCPH ITER    12 :  DIFF =    3.020872e-05
  SCPH ITER    13 :  DIFF =    2.655400e-05
  SCPH ITER    14 :  DIFF =    2.190597e-05
  SCPH ITER    15 :  DIFF =    1.705164e-05
  SCPH ITER    16 :  DIFF =    1.147409e-05
  SCPH ITER    17 :  DIFF =    5.526916e-06
  SCPH ITER    18 :  DIFF =    1.516012e-06
  SCPH ITER    19 :  DIFF =    4.023071e-07
  SCPH ITER    20 :  DIFF =    2.689949e-07
  SCPH ITER    21 :  DIFF =    2.014844e-07
  SCPH ITER    22 :  DIFF =    1.508677e-07
  SCPH ITER    23 :  DIFF =    1.130607e-07
  SCPH ITER    24 :  DIFF =    8.484992e-08
  SCPH ITER    25 :  DIFF =    6.378068e-08
  SCPH ITER    26 :  DIFF =    4.802565e-08
  SCPH ITER    27 :  DIFF =    3.622854e-08
  SCPH ITER    28 :  DIFF =    2.738228e-08
  SCPH ITER    29 :  DIFF =    2.073842e-08
  SCPH ITER    30 :  DIFF =    1.574029e-08
  SCPH ITER    31 :  DIFF =    1.197348e-08
  SCPH ITER    32 :  DIFF =    9.129171e-09
  SCPH ITER    33 :  DIFF =    6.977046e-09
  SCPH ITER    34 :  DIFF =    5.345131e-09
  SCPH ITER    35 :  DIFF =    4.104871e-09
  SCPH ITER    36 :  DIFF =    3.160046e-09
  SCPH ITER    37 :  DIFF =    2.438533e-09
  SCPH ITER    38 :  DIFF =    1.886186e-09
  SCPH ITER    39 :  DIFF =    1.462285e-09
  SCPH ITER    40 :  DIFF =    1.136146e-09
  SCPH ITER    41 :  DIFF =    8.846044e-10
  SCPH ITER    42 :  DIFF =    6.901198e-10
  SCPH ITER    43 :  DIFF =    5.394082e-10
  SCPH ITER    44 :  DIFF =    4.223367e-10
  SCPH ITER    45 :  DIFF =    3.312125e-10
  SCPH ITER    46 :  DIFF =    2.601390e-10
  SCPH ITER    47 :  DIFF =    2.045998e-10
  SCPH ITER    48 :  DIFF =    1.611377e-10
  SCPH ITER    49 :  DIFF =    1.271685e-10
  SCPH ITER    50 :  DIFF =    1.003027e-10
  SCPH ITER    51 :  DIFF =    7.918703e-11
  DIFF < SCPH_TOL : break SCPH loop
 Temp = 1.000000e+02 : convergence achieved in    51 iterations.
 Temperature = 5.000000e+01 K
  SCPH ITER     1 :  DIFF = N/A
  SCPH ITER     2 :  DIFF =    1.881027e-06
  SCPH ITER     3 :  DIFF =    1.637494e-06
  SCPH ITER     4 :  DIFF =    1.474614e-06
  SCPH ITER     5 :  DIFF =    1.367853e-06
  SCPH ITER     6 :  DIFF =    1.299458e-06
  SCPH ITER     7 :  DIFF =    1.257018e-06
  SCPH ITER     8 :  DIFF =    1.232151e-06
  SCPH ITER     9 :  DIFF =    1.219331e-06
  SCPH ITER    10 :  DIFF =    1.214963e-06
  SCPH ITER    11 :  DIFF =    1.216710e-06
  SCPH ITER    12 :  DIFF =    1.223049e-06
  SCPH ITER    13 :  DIFF =    1.232968e-06
  SCPH ITER    14 :  DIFF =    1.245792e-06
  SCPH ITER    15 :  DIFF =    1.261055e-06
  SCPH ITER    16 :  DIFF =    1.278435e-06
  SCPH ITER    17 :  DIFF =    1.297706e-06
  SCPH ITER    18 :  DIFF =    1.318702e-06
  SCPH ITER    19 :  DIFF =    1.341308e-06
  SCPH ITER    20 :  DIFF =    3.031232e-05
  SCPH ITER    21 :  DIFF =    1.647602e-04
  SCPH ITER    22 :  DIFF =    3.349819e-05
  SCPH ITER    23 :  DIFF =    2.988927e-05
  SCPH ITER    24 :  DIFF =    2.606454e-05
  SCPH ITER    25 :  DIFF =    2.251337e-05
  SCPH ITER    26 :  DIFF =    1.845891e-05
  SCPH ITER    27 :  DIFF =    1.087082e-05
  SCPH ITER    28 :  DIFF =    3.062256e-07
  SCPH ITER    29 :  DIFF =    1.601635e-07
  SCPH ITER    30 :  DIFF =    1.083449e-07
  SCPH ITER    31 :  DIFF =    7.295819e-08
  SCPH ITER    32 :  DIFF =    5.577432e-08
  SCPH ITER    33 :  DIFF =    4.126459e-08
  SCPH ITER    34 :  DIFF =    3.173593e-08
  SCPH ITER    35 :  DIFF =    2.400641e-08
  SCPH ITER    36 :  DIFF =    1.839455e-08
  SCPH ITER    37 :  DIFF =    1.400913e-08
  SCPH ITER    38 :  DIFF =    1.072118e-08
  SCPH ITER    39 :  DIFF =    8.190475e-09
  SCPH ITER    40 :  DIFF =    6.270928e-09
  SCPH ITER    41 :  DIFF =    4.800737e-09
  SCPH ITER    42 :  DIFF =    3.680119e-09
  SCPH ITER    43 :  DIFF =    2.822620e-09
  SCPH ITER    44 :  DIFF =    2.167267e-09
  SCPH ITER    45 :  DIFF =    1.665462e-09
  SCPH ITER    46 :  DIFF =    1.281184e-09
  SCPH ITER    47 :  DIFF =    9.865498e-10
  SCPH ITER    48 :  DIFF =    7.604913e-10
  SCPH ITER    49 :  DIFF =    5.868728e-10
  SCPH ITER    50 :  DIFF =    4.534004e-10
  SCPH ITER    51 :  DIFF =    3.506906e-10
  SCPH ITER    52 :  DIFF =    2.715816e-10
  SCPH ITER    53 :  DIFF =    2.106009e-10
  SCPH ITER    54 :  DIFF =    1.634327e-10
  SCPH ITER    55 :  DIFF =    1.270451e-10
  SCPH ITER    56 :  DIFF =    9.883701e-11
  DIFF < SCPH_TOL : break SCPH loop
 Temp = 5.000000e+01 : convergence achieved in    56 iterations.
 Temperature = 0.000000e+00 K
  SCPH ITER     1 :  DIFF = N/A
  SCPH ITER     2 :  DIFF =    1.174957e-06
  SCPH ITER     3 :  DIFF =    1.032659e-06
  SCPH ITER     4 :  DIFF =    9.303000e-07
  SCPH ITER     5 :  DIFF =    8.563577e-07
  SCPH ITER     6 :  DIFF =    8.024764e-07
  SCPH ITER     7 :  DIFF =    7.627087e-07
  SCPH ITER     8 :  DIFF =    7.328939e-07
  SCPH ITER     9 :  DIFF =    7.101548e-07
  SCPH ITER    10 :  DIFF =    6.918381e-07
  SCPH ITER    11 :  DIFF =    6.785975e-07
  SCPH ITER    12 :  DIFF =    6.674650e-07
  SCPH ITER    13 :  DIFF =    6.584470e-07
  SCPH ITER    14 :  DIFF =    6.510689e-07
  SCPH ITER    15 :  DIFF =    6.449876e-07
  SCPH ITER    16 :  DIFF =    6.399516e-07
  SCPH ITER    17 :  DIFF =    6.357744e-07
  SCPH ITER    18 :  DIFF =    6.323157e-07
  SCPH ITER    19 :  DIFF =    6.294693e-07
  SCPH ITER    20 :  DIFF =    6.271536e-07
  SCPH ITER    21 :  DIFF =    6.253059e-07
  SCPH ITER    22 :  DIFF =    6.238775e-07
  SCPH ITER    23 :  DIFF =    6.228304e-07
  SCPH ITER    24 :  DIFF =    6.221348e-07
  SCPH ITER    25 :  DIFF =    6.217671e-07
  SCPH ITER    26 :  DIFF =    6.217085e-07
  SCPH ITER    27 :  DIFF =    6.219440e-07
  SCPH ITER    28 :  DIFF =    6.224616e-07
  SCPH ITER    29 :  DIFF =    6.232513e-07
  SCPH ITER    30 :  DIFF =    6.243050e-07
  SCPH ITER    31 :  DIFF =    6.256159e-07
  SCPH ITER    32 :  DIFF =    6.271781e-07
  SCPH ITER    33 :  DIFF =    6.289865e-07
  SCPH ITER    34 :  DIFF =    6.310370e-07
  SCPH ITER    35 :  DIFF =    6.333254e-07
  SCPH ITER    36 :  DIFF =    6.358482e-07
  SCPH ITER    37 :  DIFF =    6.386021e-07
  SCPH ITER    38 :  DIFF =    6.415841e-07
  SCPH ITER    39 :  DIFF =    6.447912e-07
  SCPH ITER    40 :  DIFF =    6.482207e-07
  SCPH ITER    41 :  DIFF =    6.518698e-07
  SCPH ITER    42 :  DIFF =    6.557361e-07
  SCPH ITER    43 :  DIFF =    6.598169e-07
  SCPH ITER    44 :  DIFF =    6.641099e-07
  SCPH ITER    45 :  DIFF =    6.686127e-07
  SCPH ITER    46 :  DIFF =    6.733229e-07
  SCPH ITER    47 :  DIFF =    6.782383e-07
  SCPH ITER    48 :  DIFF =    6.833567e-07
  SCPH ITER    49 :  DIFF =    6.886759e-07
  SCPH ITER    50 :  DIFF =    6.941939e-07
  SCPH ITER    51 :  DIFF =    6.999086e-07
  SCPH ITER    52 :  DIFF =    7.058180e-07
  SCPH ITER    53 :  DIFF =    7.119203e-07
  SCPH ITER    54 :  DIFF =    7.182136e-07
  SCPH ITER    55 :  DIFF =    7.246962e-07
  SCPH ITER    56 :  DIFF =    7.313664e-07
  SCPH ITER    57 :  DIFF =    7.382227e-07
  SCPH ITER    58 :  DIFF =    7.452634e-07
  SCPH ITER    59 :  DIFF =    7.524872e-07
  SCPH ITER    60 :  DIFF =    5.886008e-06
  SCPH ITER    61 :  DIFF =    2.562276e-05
  SCPH ITER    62 :  DIFF =    2.726186e-05
  SCPH ITER    63 :  DIFF =    3.425571e-05
  SCPH ITER    64 :  DIFF =    2.496945e-05
  SCPH ITER    65 :  DIFF =    4.179554e-06
  SCPH ITER    66 :  DIFF =    1.047698e-05
  SCPH ITER    67 :  DIFF =    8.891106e-06
  SCPH ITER    68 :  DIFF =    4.825225e-06
  SCPH ITER    69 :  DIFF =    2.161787e-05
  SCPH ITER    70 :  DIFF =    3.023570e-05
  SCPH ITER    71 :  DIFF =    1.010091e-04
  SCPH ITER    72 :  DIFF =    2.574844e-05
  SCPH ITER    73 :  DIFF =    2.380890e-05
  SCPH ITER    74 :  DIFF =    2.351382e-05
  SCPH ITER    75 :  DIFF =    3.092297e-05
  SCPH ITER    76 :  DIFF =    1.331109e-04
  SCPH ITER    77 :  DIFF =    2.915861e-05
  SCPH ITER    78 :  DIFF =    2.607870e-05
  SCPH ITER    79 :  DIFF =    2.396986e-05
  SCPH ITER    80 :  DIFF =    2.339862e-05
  SCPH ITER    81 :  DIFF =    2.743618e-05
  SCPH ITER    82 :  DIFF =    3.767158e-05
  SCPH ITER    83 :  DIFF =    2.444672e-05
  SCPH ITER    84 :  DIFF =    1.541251e-05
  SCPH ITER    85 :  DIFF =    5.237078e-05
  SCPH ITER    86 :  DIFF =    2.341564e-05
  SCPH ITER    87 :  DIFF =    2.757773e-05
  SCPH ITER    88 :  DIFF =    3.981764e-05
  SCPH ITER    89 :  DIFF =    2.419927e-05
  SCPH ITER    90 :  DIFF =    8.278854e-06
  SCPH ITER    91 :  DIFF =    3.028608e-06
  SCPH ITER    92 :  DIFF =    1.449820e-05
  SCPH ITER    93 :  DIFF =    1.237375e-05
  SCPH ITER    94 :  DIFF =    2.796771e-06
  SCPH ITER    95 :  DIFF =    1.408186e-05
  SCPH ITER    96 :  DIFF =    1.228587e-05
  SCPH ITER    97 :  DIFF =    1.836460e-06
  SCPH ITER    98 :  DIFF =    9.688225e-06
  SCPH ITER    99 :  DIFF =    9.189896e-06
  SCPH ITER   100 :  DIFF =    1.827970e-06
  SCPH ITER   101 :  DIFF =    3.053224e-06
  SCPH ITER   102 :  DIFF =    7.175174e-06
  SCPH ITER   103 :  DIFF =    1.889471e-05
  SCPH ITER   104 :  DIFF =    1.635392e-05
  SCPH ITER   105 :  DIFF =    2.595208e-06
  SCPH ITER   106 :  DIFF =    4.237491e-07
  SCPH ITER   107 :  DIFF =    1.010217e-06
  SCPH ITER   108 :  DIFF =    2.439058e-06
  SCPH ITER   109 :  DIFF =    5.744977e-06
  SCPH ITER   110 :  DIFF =    1.474955e-05
  SCPH ITER   111 :  DIFF =    1.344583e-05
  SCPH ITER   112 :  DIFF =    3.241593e-06
  SCPH ITER   113 :  DIFF =    1.099758e-06
  SCPH ITER   114 :  DIFF =    2.657438e-06
  SCPH ITER   115 :  DIFF =    6.253907e-06
  SCPH ITER   116 :  DIFF =    1.619511e-05
  SCPH ITER   117 :  DIFF =    1.474864e-05
  SCPH ITER   118 :  DIFF =    4.355518e-06
  SCPH ITER   119 :  DIFF =    4.456313e-06
  SCPH ITER   120 :  DIFF =    1.121503e-05
  SCPH ITER   121 :  DIFF =    1.120161e-05
  SCPH ITER   122 :  DIFF =    5.617241e-06
  SCPH ITER   123 :  DIFF =    8.152286e-06
  SCPH ITER   124 :  DIFF =    2.189113e-05
  SCPH ITER   125 :  DIFF =    2.983130e-05
  SCPH ITER   126 :  DIFF =    8.781770e-05
  SCPH ITER   127 :  DIFF =    2.460507e-05
  SCPH ITER   128 :  DIFF =    2.337872e-05
  SCPH ITER   129 :  DIFF =    2.468808e-05
  SCPH ITER   130 :  DIFF =    9.738659e-06
  SCPH ITER   131 :  DIFF =    2.710830e-05
  SCPH ITER   132 :  DIFF =    2.668252e-05
  SCPH ITER   133 :  DIFF =    2.502839e-05
  SCPH ITER   134 :  DIFF =    2.751501e-05
  SCPH ITER   135 :  DIFF =    3.864626e-05
  SCPH ITER   136 :  DIFF =    2.433499e-05
  SCPH ITER   137 :  DIFF =    1.911935e-05
  SCPH ITER   138 :  DIFF =    8.513783e-05
  SCPH ITER   139 :  DIFF =    2.441147e-05
  SCPH ITER   140 :  DIFF =    2.334992e-05
  SCPH ITER   141 :  DIFF =    2.517132e-05
  SCPH ITER   142 :  DIFF =    1.546848e-07
  SCPH ITER   143 :  DIFF =    3.422268e-07
  SCPH ITER   144 :  DIFF =    8.016004e-07
  SCPH ITER   145 :  DIFF =    1.933232e-06
  SCPH ITER   146 :  DIFF =    4.559516e-06
  SCPH ITER   147 :  DIFF =    1.149301e-05
  SCPH ITER   148 :  DIFF =    1.161745e-05
  SCPH ITER   149 :  DIFF =    6.638759e-06
  SCPH ITER   150 :  DIFF =    1.086049e-05
  SCPH ITER   151 :  DIFF =    3.113978e-05
  SCPH ITER   152 :  DIFF =    2.557668e-05
  SCPH ITER   153 :  DIFF =    6.848022e-06
  SCPH ITER   154 :  DIFF =    1.632818e-05
  SCPH ITER   155 :  DIFF =    5.835654e-05
  SCPH ITER   156 :  DIFF =    2.335181e-05
  SCPH ITER   157 :  DIFF =    2.544985e-05
  SCPH ITER   158 :  DIFF =    4.725699e-06
  SCPH ITER   159 :  DIFF =    1.108271e-05
  SCPH ITER   160 :  DIFF =    3.197502e-05
  SCPH ITER   161 :  DIFF =    2.539511e-05
  SCPH ITER   162 :  DIFF =    3.731957e-06
  SCPH ITER   163 :  DIFF =    8.753050e-06
  SCPH ITER   164 :  DIFF =    2.381111e-05
  SCPH ITER   165 :  DIFF =    2.816908e-05
  SCPH ITER   166 :  DIFF =    5.007246e-05
  SCPH ITER   167 :  DIFF =    2.349182e-05
  SCPH ITER   168 :  DIFF =    2.947468e-05
  SCPH ITER   169 :  DIFF =    7.816692e-05
  SCPH ITER   170 :  DIFF =    2.398654e-05
  SCPH ITER   171 :  DIFF =    2.340942e-05
  SCPH ITER   172 :  DIFF =    2.743991e-05
  SCPH ITER   173 :  DIFF =    3.749119e-05
  SCPH ITER   174 :  DIFF =    2.447654e-05
  SCPH ITER   175 :  DIFF =    1.480429e-05
  SCPH ITER   176 :  DIFF =    4.886748e-05
  SCPH ITER   177 :  DIFF =    2.353803e-05
  SCPH ITER   178 :  DIFF =    1.879796e-05
  SCPH ITER   179 :  DIFF =    8.222397e-06
  SCPH ITER   180 :  DIFF =    1.578882e-05
  SCPH ITER   181 :  DIFF =    5.473669e-05
  SCPH ITER   182 :  DIFF =    2.337366e-05
  SCPH ITER   183 :  DIFF =    2.651511e-05
  SCPH ITER   184 :  DIFF =    2.232923e-05
  SCPH ITER   185 :  DIFF =    2.931199e-05
  SCPH ITER   186 :  DIFF =    7.408529e-05
  SCPH ITER   187 :  DIFF =    2.377255e-05
  SCPH ITER   188 :  DIFF =    2.355303e-05
  SCPH ITER   189 :  DIFF =    1.863995e-05
  SCPH ITER   190 :  DIFF =    9.138959e-06
  SCPH ITER   191 :  DIFF =    1.848194e-05
  SCPH ITER   192 :  DIFF =    7.727685e-05
  SCPH ITER   193 :  DIFF =    2.393921e-05
  SCPH ITER   194 :  DIFF =    2.343273e-05
  SCPH ITER   195 :  DIFF =    2.797277e-05
  SCPH ITER   196 :  DIFF =    4.670572e-05
  SCPH ITER   197 :  DIFF =    2.364403e-05
  SCPH ITER   198 :  DIFF =    1.721742e-05
  SCPH ITER   199 :  DIFF =    9.785478e-06
  SCPH ITER   200 :  DIFF =    2.038594e-05
  SCPH ITER   201 :  DIFF =    1.071350e-04
  SCPH ITER   202 :  DIFF =    2.635326e-05
  SCPH ITER   203 :  DIFF =    2.411829e-05
  SCPH ITER   204 :  DIFF =    2.335933e-05
  SCPH ITER   205 :  DIFF =    2.636813e-05
  SCPH ITER   206 :  DIFF =    2.013137e-05
  SCPH ITER   207 :  DIFF =    1.893767e-05
  SCPH ITER   208 :  DIFF =    1.110503e-05
  SCPH ITER   209 :  DIFF =    1.130162e-05
  SCPH ITER   210 :  DIFF =    1.199048e-05
  SCPH ITER   211 :  DIFF =    1.219533e-05
  SCPH ITER   212 :  DIFF =    1.279520e-05
  SCPH ITER   213 :  DIFF =    1.299322e-05
  SCPH ITER   214 :  DIFF =    1.364706e-05
  SCPH ITER   215 :  DIFF =    1.384105e-05
  SCPH ITER   216 :  DIFF =    1.451392e-05
  SCPH ITER   217 :  DIFF =    1.470267e-05
  SCPH ITER   218 :  DIFF =    1.540224e-05
  SCPH ITER   219 :  DIFF =    1.558551e-05
  SCPH ITER   220 :  DIFF =    1.631115e-05
  SCPH ITER   221 :  DIFF =    1.648869e-05
  SCPH ITER   222 :  DIFF =    1.724083e-05
  SCPH ITER   223 :  DIFF =    1.741244e-05
  SCPH ITER   224 :  DIFF =    1.819124e-05
  SCPH ITER   225 :  DIFF =    1.835681e-05
  SCPH ITER   226 :  DIFF =    1.916233e-05
  SCPH ITER   227 :  DIFF =    1.932176e-05
  SCPH ITER   228 :  DIFF =    2.015394e-05
  SCPH ITER   229 :  DIFF =    2.030715e-05
  SCPH ITER   230 :  DIFF =    2.116582e-05
  SCPH ITER   231 :  DIFF =    2.131277e-05
  SCPH ITER   232 :  DIFF =    2.219766e-05
  SCPH ITER   233 :  DIFF =    3.036004e-05
  SCPH ITER   234 :  DIFF =    1.057062e-04
  SCPH ITER   235 :  DIFF =    2.621333e-05
  SCPH ITER   236 :  DIFF =    2.404367e-05
  SCPH ITER   237 :  DIFF =    2.338123e-05
  SCPH ITER   238 :  DIFF =    2.688484e-05
  SCPH ITER   239 :  DIFF =    2.843859e-05
  SCPH ITER   240 :  DIFF =    2.625757e-05
  SCPH ITER   241 :  DIFF =    1.824405e-05
  SCPH ITER   242 :  DIFF =    1.983448e-05
  SCPH ITER   243 :  DIFF =    2.282023e-05
  SCPH ITER   244 :  DIFF =    2.957697e-05
  SCPH ITER   245 :  DIFF =    8.085455e-05
  SCPH ITER   246 :  DIFF =    2.413710e-05
  SCPH ITER   247 :  DIFF =    2.336158e-05
  SCPH ITER   248 :  DIFF =    2.630135e-05
  SCPH ITER   249 :  DIFF =    1.896790e-05
  SCPH ITER   250 :  DIFF =    2.054299e-05
  SCPH ITER   251 :  DIFF =    2.376903e-05
  SCPH ITER   252 :  DIFF =    2.864130e-05
  SCPH ITER   253 :  DIFF =    5.925349e-05
  SCPH ITER   254 :  DIFF =    2.335226e-05
  SCPH ITER   255 :  DIFF =    2.524499e-05
  SCPH ITER   256 :  DIFF =    1.132147e-06
  SCPH ITER   257 :  DIFF =    2.678341e-06
  SCPH ITER   258 :  DIFF =    6.586075e-06
  SCPH ITER   259 :  DIFF =    1.563746e-05
  SCPH ITER   260 :  DIFF =    5.378179e-05
  SCPH ITER   261 :  DIFF =    2.338967e-05
  SCPH ITER   262 :  DIFF =    2.689464e-05
  SCPH ITER   263 :  DIFF =    2.843509e-05
  SCPH ITER   264 :  DIFF =    2.626492e-05
  SCPH ITER   265 :  DIFF =    1.826859e-05
  SCPH ITER   266 :  DIFF =    2.017525e-05
  SCPH ITER   267 :  DIFF =    2.456523e-05
  SCPH ITER   268 :  DIFF =    2.811544e-05
  SCPH ITER   269 :  DIFF =    4.910511e-05
  SCPH ITER   270 :  DIFF =    2.352976e-05
  SCPH ITER   271 :  DIFF =    3.186907e-05
  SCPH ITER   272 :  DIFF =    2.188604e-04
  SCPH ITER   273 :  DIFF =    4.158596e-05
  SCPH ITER   274 :  DIFF =    3.495651e-05
  SCPH ITER   275 :  DIFF =    3.155288e-05
  SCPH ITER   276 :  DIFF =    2.782736e-05
  SCPH ITER   277 :  DIFF =    2.504165e-05
  SCPH ITER   278 :  DIFF =    2.349118e-05
  SCPH ITER   279 :  DIFF =    2.396137e-05
  SCPH ITER   280 :  DIFF =    1.574965e-05
  SCPH ITER   281 :  DIFF =    2.535951e-05
  SCPH ITER   282 :  DIFF =    2.766044e-05
  SCPH ITER   283 :  DIFF =    4.143278e-05
  SCPH ITER   284 :  DIFF =    2.403145e-05
  SCPH ITER   285 :  DIFF =    1.536310e-05
  SCPH ITER   286 :  DIFF =    2.625770e-05
  SCPH ITER   287 :  DIFF =    2.724212e-05
  SCPH ITER   288 :  DIFF =    3.415745e-05
  SCPH ITER   289 :  DIFF =    2.497961e-05
  SCPH ITER   290 :  DIFF =    3.848299e-06
  SCPH ITER   291 :  DIFF =    9.604253e-06
  SCPH ITER   292 :  DIFF =    1.410537e-05
  SCPH ITER   293 :  DIFF =    2.731300e-05
  SCPH ITER   294 :  DIFF =    2.679472e-05
  SCPH ITER   295 :  DIFF =    2.677075e-05
  SCPH ITER   296 :  DIFF =    2.680558e-05
  SCPH ITER   297 :  DIFF =    2.694495e-05
  SCPH ITER   298 :  DIFF =    2.674386e-05
  SCPH ITER   299 :  DIFF =    2.594938e-05
  SCPH ITER   300 :  DIFF =    2.711786e-05
  SCPH ITER   301 :  DIFF =    3.201162e-05
  SCPH ITER   302 :  DIFF =    2.538789e-05
  SCPH ITER   303 :  DIFF =    3.598734e-06
  SCPH ITER   304 :  DIFF =    8.442621e-06
  SCPH ITER   305 :  DIFF =    2.281082e-05
  SCPH ITER   306 :  DIFF =    2.887698e-05
  SCPH ITER   307 :  DIFF =    6.406480e-05
  SCPH ITER   308 :  DIFF =    2.341655e-05
  SCPH ITER   309 :  DIFF =    2.441751e-05
  SCPH ITER   310 :  DIFF =    1.644290e-05
  SCPH ITER   311 :  DIFF =    5.915098e-05
  SCPH ITER   312 :  DIFF =    2.335156e-05
  SCPH ITER   313 :  DIFF =    2.526698e-05
  SCPH ITER   314 :  DIFF =    1.533308e-06
  SCPH ITER   315 :  DIFF =    3.620838e-06
  SCPH ITER   316 :  DIFF =    9.009049e-06
  SCPH ITER   317 :  DIFF =    1.380833e-05
  SCPH ITER   318 :  DIFF =    2.825095e-05
  SCPH ITER   319 :  DIFF =    2.646015e-05
  SCPH ITER   320 :  DIFF =    2.138378e-05
  SCPH ITER   321 :  DIFF =    3.066984e-05
  SCPH ITER   322 :  DIFF =    1.190596e-04
  SCPH ITER   323 :  DIFF =    2.761060e-05
  SCPH ITER   324 :  DIFF =    2.489598e-05
  SCPH ITER   325 :  DIFF =    2.345085e-05
  SCPH ITER   326 :  DIFF =    2.417430e-05
  SCPH ITER   327 :  DIFF =    1.437785e-05
  SCPH ITER   328 :  DIFF =    2.903138e-05
  SCPH ITER   329 :  DIFF =    2.621960e-05
  SCPH ITER   330 :  DIFF =    1.763671e-05
  SCPH ITER   331 :  DIFF =    2.060210e-05
  SCPH ITER   332 :  DIFF =    2.966880e-05
  SCPH ITER   333 :  DIFF =    2.606594e-05
  SCPH ITER   334 :  DIFF =    1.505183e-05
  SCPH ITER   335 :  DIFF =    1.879647e-05
  SCPH ITER   336 :  DIFF =    3.041138e-05
  SCPH ITER   337 :  DIFF =    2.587991e-05
  SCPH ITER   338 :  DIFF =    1.196362e-05
  SCPH ITER   339 :  DIFF =    1.661288e-05
  SCPH ITER   340 :  DIFF =    3.133308e-05
  SCPH ITER   341 :  DIFF =    2.564578e-05
  SCPH ITER   342 :  DIFF =    8.035876e-06
  SCPH ITER   343 :  DIFF =    1.986773e-05
  SCPH ITER   344 :  DIFF =    9.680434e-05
  SCPH ITER   345 :  DIFF =    2.534942e-05
  SCPH ITER   346 :  DIFF =    2.362548e-05
  SCPH ITER   347 :  DIFF =    2.373322e-05
  SCPH ITER   348 :  DIFF =    1.996787e-05
  SCPH ITER   349 :  DIFF =    3.214293e-05
  SCPH ITER   350 :  DIFF =    2.546001e-05
  SCPH ITER   351 :  DIFF =    4.954189e-06
  SCPH ITER   352 :  DIFF =    1.162081e-05
  SCPH ITER   353 :  DIFF =    3.406199e-05
  SCPH ITER   354 :  DIFF =    2.499781e-05
  SCPH ITER   355 :  DIFF =    3.530215e-06
  SCPH ITER   356 :  DIFF =    8.772929e-06
  SCPH ITER   357 :  DIFF =    1.449208e-05
  SCPH ITER   358 :  DIFF =    3.334295e-05
  SCPH ITER   359 :  DIFF =    2.518926e-05
  SCPH ITER   360 :  DIFF =    3.428764e-08
  SCPH ITER   361 :  DIFF =    6.901552e-08
  SCPH ITER   362 :  DIFF =    1.638751e-07
  SCPH ITER   363 :  DIFF =    3.894305e-07
  SCPH ITER   364 :  DIFF =    9.356358e-07
  SCPH ITER   365 :  DIFF =    2.221643e-06
  SCPH ITER   366 :  DIFF =    5.432859e-06
  SCPH ITER   367 :  DIFF =    1.277709e-05
  SCPH ITER   368 :  DIFF =    3.889589e-05
  SCPH ITER   369 :  DIFF =    2.430823e-05
  SCPH ITER   370 :  DIFF =    2.029644e-05
  SCPH ITER   371 :  DIFF =    1.052135e-04
  SCPH ITER   372 :  DIFF =    2.616449e-05
  SCPH ITER   373 :  DIFF =    2.401802e-05
  SCPH ITER   374 :  DIFF =    2.339011e-05
  SCPH ITER   375 :  DIFF =    2.709115e-05
  SCPH ITER   376 :  DIFF =    3.179925e-05
  SCPH ITER   377 :  DIFF =    2.542496e-05
  SCPH ITER   378 :  DIFF =    4.374953e-06
  SCPH ITER   379 :  DIFF =    1.025055e-05
  SCPH ITER   380 :  DIFF =    2.890784e-05
  SCPH ITER   381 :  DIFF =    2.612945e-05
  SCPH ITER   382 :  DIFF =    1.608161e-05
  SCPH ITER   383 :  DIFF =    2.012703e-05
  SCPH ITER   384 :  DIFF =    3.381792e-05
  SCPH ITER   385 :  DIFF =    2.512611e-05
  SCPH ITER   386 :  DIFF =    1.123724e-06
  SCPH ITER   387 :  DIFF =    2.717720e-06
  SCPH ITER   388 :  DIFF =    6.391315e-06
  SCPH ITER   389 :  DIFF =    1.659093e-05
  SCPH ITER   390 :  DIFF =    2.064603e-05
  SCPH ITER   391 :  DIFF =    3.467667e-05
  SCPH ITER   392 :  DIFF =    2.497058e-05
  SCPH ITER   393 :  DIFF =    4.105981e-06
  SCPH ITER   394 :  DIFF =    1.028271e-05
  SCPH ITER   395 :  DIFF =    1.602912e-05
  SCPH ITER   396 :  DIFF =    3.567397e-05
  SCPH ITER   397 :  DIFF =    2.479382e-05
  SCPH ITER   398 :  DIFF =    7.659045e-06
  SCPH ITER   399 :  DIFF =    2.035977e-05
  SCPH ITER   400 :  DIFF =    2.375749e-05
  SCPH ITER   401 :  DIFF =    3.663643e-05
  SCPH ITER   402 :  DIFF =    2.463893e-05
  SCPH ITER   403 :  DIFF =    1.100607e-05
  SCPH ITER   404 :  DIFF =    3.168554e-05
  SCPH ITER   405 :  DIFF =    2.545664e-05
  SCPH ITER   406 :  DIFF =    4.795381e-06
  SCPH ITER   407 :  DIFF =    1.125081e-05
  SCPH ITER   408 :  DIFF =    3.261934e-05
  SCPH ITER   409 :  DIFF =    2.526619e-05
  SCPH ITER   410 :  DIFF =    1.420545e-06
  SCPH ITER   411 :  DIFF =    3.361445e-06
  SCPH ITER   412 :  DIFF =    8.334534e-06
  SCPH ITER   413 :  DIFF =    2.106133e-05
  SCPH ITER   414 :  DIFF =    1.255152e-04
  SCPH ITER   415 :  DIFF =    2.831847e-05
  SCPH ITER   416 :  DIFF =    2.541062e-05
  SCPH ITER   417 :  DIFF =    2.364922e-05
  SCPH ITER   418 :  DIFF =    2.368150e-05
  SCPH ITER   419 :  DIFF =    2.144702e-05
  SCPH ITER   420 :  DIFF =    3.723596e-05
  SCPH ITER   421 :  DIFF =    2.455938e-05
  SCPH ITER   422 :  DIFF =    1.265097e-05
  SCPH ITER   423 :  DIFF =    3.833122e-05
  SCPH ITER   424 :  DIFF =    2.437051e-05
  SCPH ITER   425 :  DIFF =    1.782695e-05
  SCPH ITER   426 :  DIFF =    7.050939e-05
  SCPH ITER   427 :  DIFF =    2.361301e-05
  SCPH ITER   428 :  DIFF =    2.376326e-05
  SCPH ITER   429 :  DIFF =    2.050990e-05
  SCPH ITER   430 :  DIFF =    3.801678e-05
  SCPH ITER   431 :  DIFF =    2.446042e-05
  SCPH ITER   432 :  DIFF =    1.525105e-05
  SCPH ITER   433 :  DIFF =    5.142536e-05
  SCPH ITER   434 :  DIFF =    2.344479e-05
  SCPH ITER   435 :  DIFF =    2.818328e-05
  SCPH ITER   436 :  DIFF =    5.044856e-05
  SCPH ITER   437 :  DIFF =    2.347603e-05
  SCPH ITER   438 :  DIFF =    2.902788e-05
  SCPH ITER   439 :  DIFF =    6.752738e-05
  SCPH ITER   440 :  DIFF =    2.350594e-05
  SCPH ITER   441 :  DIFF =    2.401448e-05
  SCPH ITER   442 :  DIFF =    1.764847e-05
  SCPH ITER   443 :  DIFF =    3.891938e-05
  SCPH ITER   444 :  DIFF =    2.434312e-05
  SCPH ITER   445 :  DIFF =    1.876156e-05
  SCPH ITER   446 :  DIFF =    8.053256e-05
  SCPH ITER   447 :  DIFF =    2.411759e-05
  SCPH ITER   448 :  DIFF =    2.336510e-05
  SCPH ITER   449 :  DIFF =    2.641275e-05
  SCPH ITER   450 :  DIFF =    2.077146e-05
  SCPH ITER   451 :  DIFF =    2.456544e-05
  SCPH ITER   452 :  DIFF =    4.002317e-05
  SCPH ITER   453 :  DIFF =    2.420326e-05
  SCPH ITER   454 :  DIFF =    1.607478e-05
  SCPH ITER   455 :  DIFF =    4.079313e-05
  SCPH ITER   456 :  DIFF =    2.412540e-05
  SCPH ITER   457 :  DIFF =    1.693462e-05
  SCPH ITER   458 :  DIFF =    4.153269e-05
  SCPH ITER   459 :  DIFF =    2.405612e-05
  SCPH ITER   460 :  DIFF =    1.774290e-05
  SCPH ITER   461 :  DIFF =    4.230223e-05
  SCPH ITER   462 :  DIFF =    2.398698e-05
  SCPH ITER   463 :  DIFF =    1.858439e-05
  SCPH ITER   464 :  DIFF =    4.309055e-05
  SCPH ITER   465 :  DIFF =    2.392001e-05
  SCPH ITER   466 :  DIFF =    1.944327e-05
  SCPH ITER   467 :  DIFF =    4.389924e-05
  SCPH ITER   468 :  DIFF =    2.385535e-05
  SCPH ITER   469 :  DIFF =    2.032154e-05
  SCPH ITER   470 :  DIFF =    4.472806e-05
  SCPH ITER   471 :  DIFF =    2.379336e-05
  SCPH ITER   472 :  DIFF =    2.121868e-05
  SCPH ITER   473 :  DIFF =    4.557693e-05
  SCPH ITER   474 :  DIFF =    2.373434e-05
  SCPH ITER   475 :  DIFF =    2.213440e-05
  SCPH ITER   476 :  DIFF =    4.644572e-05
  SCPH ITER   477 :  DIFF =    2.367858e-05
  SCPH ITER   478 :  DIFF =    2.306835e-05
  SCPH ITER   479 :  DIFF =    4.733422e-05
  SCPH ITER   480 :  DIFF =    2.362635e-05
  SCPH ITER   481 :  DIFF =    2.402013e-05
  SCPH ITER   482 :  DIFF =    4.824218e-05
  SCPH ITER   483 :  DIFF =    2.357791e-05
  SCPH ITER   484 :  DIFF =    2.498928e-05
  SCPH ITER   485 :  DIFF =    4.916929e-05
  SCPH ITER   486 :  DIFF =    2.353353e-05
  SCPH ITER   487 :  DIFF =    2.597531e-05
  SCPH ITER   488 :  DIFF =    5.011521e-05
  SCPH ITER   489 :  DIFF =    2.349341e-05
  SCPH ITER   490 :  DIFF =    2.959994e-05
  SCPH ITER   491 :  DIFF =    8.154757e-05
  SCPH ITER   492 :  DIFF =    2.417773e-05
  SCPH ITER   493 :  DIFF =    2.335388e-05
  SCPH ITER   494 :  DIFF =    2.607614e-05
  SCPH ITER   495 :  DIFF =    1.533034e-05
  SCPH ITER   496 :  DIFF =    2.188734e-05
  SCPH ITER   497 :  DIFF =    5.068294e-05
  SCPH ITER   498 :  DIFF =    2.347665e-05
  SCPH ITER   499 :  DIFF =    2.905735e-05
  SCPH ITER   500 :  DIFF =    6.820208e-05
Temp = 0.000000e+00 : not converged.
  STO_scph2-2.scph_dymat  : Anharmonic dynamical matrix (restart file)
  STO_scph2-2.scph_dfc2   : Anharmonic corrections to the second-order IFCs (SCPH)

 Running postprocess of SCPH/QHA (calculation of free energy, MSD, DOS)
 The number of temperature points: 21  
     STO_scph2-2.scph_bands  : SCPH band structure

 Job finished at Sun Aug  4 23:53:13 2024

